Archive member included to satisfy reference by file (symbol)

c:/work/tools/gnu_arm_embedded_toolchain/10_2021.10/bin/../lib/gcc/arm-none-eabi/10.3.1/../../../../arm-none-eabi/lib/thumb/v7e-m+fp/hard\libc_nano.a(lib_a-exit.o)
                              c:/work/tools/gnu_arm_embedded_toolchain/10_2021.10/bin/../lib/gcc/arm-none-eabi/10.3.1/../../../../arm-none-eabi/lib/thumb/v7e-m+fp/hard/crt0.o (exit)
c:/work/tools/gnu_arm_embedded_toolchain/10_2021.10/bin/../lib/gcc/arm-none-eabi/10.3.1/../../../../arm-none-eabi/lib/thumb/v7e-m+fp/hard\libc_nano.a(lib_a-impure.o)
                              c:/work/tools/gnu_arm_embedded_toolchain/10_2021.10/bin/../lib/gcc/arm-none-eabi/10.3.1/../../../../arm-none-eabi/lib/thumb/v7e-m+fp/hard\libc_nano.a(lib_a-exit.o) (_global_impure_ptr)
c:/work/tools/gnu_arm_embedded_toolchain/10_2021.10/bin/../lib/gcc/arm-none-eabi/10.3.1/../../../../arm-none-eabi/lib/thumb/v7e-m+fp/hard\libc_nano.a(lib_a-init.o)
                              c:/work/tools/gnu_arm_embedded_toolchain/10_2021.10/bin/../lib/gcc/arm-none-eabi/10.3.1/../../../../arm-none-eabi/lib/thumb/v7e-m+fp/hard/crt0.o (__libc_init_array)
c:/work/tools/gnu_arm_embedded_toolchain/10_2021.10/bin/../lib/gcc/arm-none-eabi/10.3.1/../../../../arm-none-eabi/lib/thumb/v7e-m+fp/hard\libc_nano.a(lib_a-memset.o)
                              c:/work/tools/gnu_arm_embedded_toolchain/10_2021.10/bin/../lib/gcc/arm-none-eabi/10.3.1/../../../../arm-none-eabi/lib/thumb/v7e-m+fp/hard/crt0.o (memset)
c:/work/tools/gnu_arm_embedded_toolchain/10_2021.10/bin/../lib/gcc/arm-none-eabi/10.3.1/../../../../arm-none-eabi/lib/thumb/v7e-m+fp/hard\libnosys.a(_exit.o)
                              c:/work/tools/gnu_arm_embedded_toolchain/10_2021.10/bin/../lib/gcc/arm-none-eabi/10.3.1/../../../../arm-none-eabi/lib/thumb/v7e-m+fp/hard\libc_nano.a(lib_a-exit.o) (_exit)
c:/work/tools/gnu_arm_embedded_toolchain/10_2021.10/bin/../lib/gcc/arm-none-eabi/10.3.1/../../../../arm-none-eabi/lib/thumb/v7e-m+fp/hard\libstdc++_nano.a(class_type_info.o)
                              build/MyGpio.o (vtable for __cxxabiv1::__class_type_info)
c:/work/tools/gnu_arm_embedded_toolchain/10_2021.10/bin/../lib/gcc/arm-none-eabi/10.3.1/../../../../arm-none-eabi/lib/thumb/v7e-m+fp/hard\libstdc++_nano.a(del_ops.o)
                              build/MyGpio.o (operator delete(void*, unsigned int))
c:/work/tools/gnu_arm_embedded_toolchain/10_2021.10/bin/../lib/gcc/arm-none-eabi/10.3.1/../../../../arm-none-eabi/lib/thumb/v7e-m+fp/hard\libstdc++_nano.a(eh_arm.o)
                              build/main.o (__cxa_end_cleanup)
c:/work/tools/gnu_arm_embedded_toolchain/10_2021.10/bin/../lib/gcc/arm-none-eabi/10.3.1/../../../../arm-none-eabi/lib/thumb/v7e-m+fp/hard\libstdc++_nano.a(eh_exception.o)
                              c:/work/tools/gnu_arm_embedded_toolchain/10_2021.10/bin/../lib/gcc/arm-none-eabi/10.3.1/../../../../arm-none-eabi/lib/thumb/v7e-m+fp/hard\libstdc++_nano.a(eh_arm.o) (typeinfo for __cxxabiv1::__forced_unwind)
c:/work/tools/gnu_arm_embedded_toolchain/10_2021.10/bin/../lib/gcc/arm-none-eabi/10.3.1/../../../../arm-none-eabi/lib/thumb/v7e-m+fp/hard\libstdc++_nano.a(eh_globals.o)
                              c:/work/tools/gnu_arm_embedded_toolchain/10_2021.10/bin/../lib/gcc/arm-none-eabi/10.3.1/../../../../arm-none-eabi/lib/thumb/v7e-m+fp/hard\libstdc++_nano.a(eh_arm.o) (__cxa_get_globals)
c:/work/tools/gnu_arm_embedded_toolchain/10_2021.10/bin/../lib/gcc/arm-none-eabi/10.3.1/../../../../arm-none-eabi/lib/thumb/v7e-m+fp/hard\libstdc++_nano.a(eh_personality.o)
                              build/main.o (__gxx_personality_v0)
c:/work/tools/gnu_arm_embedded_toolchain/10_2021.10/bin/../lib/gcc/arm-none-eabi/10.3.1/../../../../arm-none-eabi/lib/thumb/v7e-m+fp/hard\libstdc++_nano.a(eh_terminate.o)
                              c:/work/tools/gnu_arm_embedded_toolchain/10_2021.10/bin/../lib/gcc/arm-none-eabi/10.3.1/../../../../arm-none-eabi/lib/thumb/v7e-m+fp/hard\libstdc++_nano.a(eh_arm.o) (std::terminate())
c:/work/tools/gnu_arm_embedded_toolchain/10_2021.10/bin/../lib/gcc/arm-none-eabi/10.3.1/../../../../arm-none-eabi/lib/thumb/v7e-m+fp/hard\libstdc++_nano.a(eh_unex_handler.o)
                              c:/work/tools/gnu_arm_embedded_toolchain/10_2021.10/bin/../lib/gcc/arm-none-eabi/10.3.1/../../../../arm-none-eabi/lib/thumb/v7e-m+fp/hard\libstdc++_nano.a(eh_terminate.o) (__cxxabiv1::__unexpected_handler)
c:/work/tools/gnu_arm_embedded_toolchain/10_2021.10/bin/../lib/gcc/arm-none-eabi/10.3.1/../../../../arm-none-eabi/lib/thumb/v7e-m+fp/hard\libstdc++_nano.a(pure.o)
                              c:/work/tools/gnu_arm_embedded_toolchain/10_2021.10/bin/../lib/gcc/arm-none-eabi/10.3.1/../../../../arm-none-eabi/lib/thumb/v7e-m+fp/hard\libstdc++_nano.a(eh_exception.o) (__cxa_pure_virtual)
[...]
Memory Configuration

Name             Origin             Length             Attributes
RAM              0x20000000         0x00020000         xrw
FLASH            0x08000000         0x00080000         xr
*default*        0x00000000         0xffffffff

Linker script and memory map

LOAD c:/work/tools/gnu_arm_embedded_toolchain/10_2021.10/bin/../lib/gcc/arm-none-eabi/10.3.1/thumb/v7e-m+fp/hard/crti.o
LOAD c:/work/tools/gnu_arm_embedded_toolchain/10_2021.10/bin/../lib/gcc/arm-none-eabi/10.3.1/thumb/v7e-m+fp/hard/crtbegin.o
LOAD c:/work/tools/gnu_arm_embedded_toolchain/10_2021.10/bin/../lib/gcc/arm-none-eabi/10.3.1/../../../../arm-none-eabi/lib/thumb/v7e-m+fp/hard/crt0.o
LOAD build/gpio.o
LOAD build/stm32f4xx_it.o
LOAD build/stm32f4xx_hal_msp.o
LOAD build/stm32f4xx_hal_tim.o
LOAD build/stm32f4xx_hal_tim_ex.o
LOAD build/stm32f4xx_hal_rcc.o
LOAD build/stm32f4xx_hal_rcc_ex.o
LOAD build/stm32f4xx_hal_flash.o
LOAD build/stm32f4xx_hal_flash_ex.o
LOAD build/stm32f4xx_hal_flash_ramfunc.o
LOAD build/stm32f4xx_hal_gpio.o
LOAD build/stm32f4xx_hal_dma_ex.o
LOAD build/stm32f4xx_hal_dma.o
LOAD build/stm32f4xx_hal_pwr.o
LOAD build/stm32f4xx_hal_pwr_ex.o
LOAD build/stm32f4xx_hal_cortex.o
LOAD build/stm32f4xx_hal.o
LOAD build/stm32f4xx_hal_exti.o
LOAD build/system_stm32f4xx.o
LOAD build/startup_stm32f411xe.o
LOAD build/main.o
LOAD build/MyGpio.o
LOAD c:/work/tools/gnu_arm_embedded_toolchain/10_2021.10/bin/../lib/gcc/arm-none-eabi/10.3.1/../../../../arm-none-eabi/lib/thumb/v7e-m+fp/hard\libc_nano.a
LOAD c:/work/tools/gnu_arm_embedded_toolchain/10_2021.10/bin/../lib/gcc/arm-none-eabi/10.3.1/../../../../arm-none-eabi/lib/thumb/v7e-m+fp/hard\libm.a
LOAD c:/work/tools/gnu_arm_embedded_toolchain/10_2021.10/bin/../lib/gcc/arm-none-eabi/10.3.1/../../../../arm-none-eabi/lib/thumb/v7e-m+fp/hard\libnosys.a
LOAD c:/work/tools/gnu_arm_embedded_toolchain/10_2021.10/bin/../lib/gcc/arm-none-eabi/10.3.1/../../../../arm-none-eabi/lib/thumb/v7e-m+fp/hard\libstdc++_nano.a
START GROUP
LOAD c:/work/tools/gnu_arm_embedded_toolchain/10_2021.10/bin/../lib/gcc/arm-none-eabi/10.3.1/thumb/v7e-m+fp/hard\libgcc.a
LOAD c:/work/tools/gnu_arm_embedded_toolchain/10_2021.10/bin/../lib/gcc/arm-none-eabi/10.3.1/../../../../arm-none-eabi/lib/thumb/v7e-m+fp/hard\libc_nano.a
END GROUP
START GROUP
LOAD c:/work/tools/gnu_arm_embedded_toolchain/10_2021.10/bin/../lib/gcc/arm-none-eabi/10.3.1/thumb/v7e-m+fp/hard\libgcc.a
LOAD c:/work/tools/gnu_arm_embedded_toolchain/10_2021.10/bin/../lib/gcc/arm-none-eabi/10.3.1/../../../../arm-none-eabi/lib/thumb/v7e-m+fp/hard\libc_nano.a
LOAD c:/work/tools/gnu_arm_embedded_toolchain/10_2021.10/bin/../lib/gcc/arm-none-eabi/10.3.1/../../../../arm-none-eabi/lib/thumb/v7e-m+fp/hard\libnosys.a
END GROUP
START GROUP
LOAD c:/work/tools/gnu_arm_embedded_toolchain/10_2021.10/bin/../lib/gcc/arm-none-eabi/10.3.1/thumb/v7e-m+fp/hard\libgcc.a
LOAD c:/work/tools/gnu_arm_embedded_toolchain/10_2021.10/bin/../lib/gcc/arm-none-eabi/10.3.1/../../../../arm-none-eabi/lib/thumb/v7e-m+fp/hard\libc_nano.a
LOAD c:/work/tools/gnu_arm_embedded_toolchain/10_2021.10/bin/../lib/gcc/arm-none-eabi/10.3.1/../../../../arm-none-eabi/lib/thumb/v7e-m+fp/hard\libnosys.a
END GROUP
LOAD c:/work/tools/gnu_arm_embedded_toolchain/10_2021.10/bin/../lib/gcc/arm-none-eabi/10.3.1/thumb/v7e-m+fp/hard/crtend.o
LOAD c:/work/tools/gnu_arm_embedded_toolchain/10_2021.10/bin/../lib/gcc/arm-none-eabi/10.3.1/thumb/v7e-m+fp/hard/crtn.o
                0x20020000                _estack = (ORIGIN (RAM) + LENGTH (RAM))
                0x00000200                _Min_Heap_Size = 0x200
                0x00000400                _Min_Stack_Size = 0x400

.isr_vector     0x08000000      0x198
                0x08000000                . = ALIGN (0x4)
 *(.isr_vector)
 .isr_vector    0x08000000      0x198 build/startup_stm32f411xe.o
                0x08000000                g_pfnVectors
                0x08000198                . = ALIGN (0x4)

.text           0x08000198     0x3038
                0x08000198                . = ALIGN (0x4)
 *(.text)
 .text          0x08000198       0x40 c:/work/tools/gnu_arm_embedded_toolchain/10_2021.10/bin/../lib/gcc/arm-none-eabi/10.3.1/thumb/v7e-m+fp/hard/crtbegin.o
 .text          0x080001d8      0x144 build/main.o
                0x080001d8                Error_Handler
                0x080001dc                SystemClock_Config()
                0x0800027c                main
 .text          0x0800031c      0x38c build/MyGpio.o
                0x0800031c                MyDrivers::GpioBase::GpioBase(MyDrivers::GpioPort, MyDrivers::GpioPin)
                0x0800031c                MyDrivers::GpioBase::GpioBase(MyDrivers::GpioPort, MyDrivers::GpioPin)
                0x08000410                MyDrivers::GpioBase::init(GPIO_TypeDef*, MyDrivers::GpioInit_t*)
                0x080004d4                MyDrivers::GpioBase::write(GPIO_TypeDef*, MyDrivers::GpioPin, MyDrivers::GpioState)
                0x080004ec                MyDrivers::Gpo::setBit(MyDrivers::GpioState)
                0x08000500                MyDrivers::GpioBase::read(GPIO_TypeDef*, MyDrivers::GpioPin)
                0x08000510                MyDrivers::Gpi::getBit()
                0x0800051e                MyDrivers::GpioBase::toggle(GPIO_TypeDef*, MyDrivers::GpioPin)
                0x0800053c                MyDrivers::Gpi::Gpi(MyDrivers::GpioPort, MyDrivers::GpioPin, MyDrivers::GpioPull)
                0x0800053c                MyDrivers::Gpi::Gpi(MyDrivers::GpioPort, MyDrivers::GpioPin, MyDrivers::GpioPull)
                0x08000580                MyDrivers::Gpi::operator>>(MyDrivers::GpioState&)
                0x0800058e                MyDrivers::Gpo::Gpo(MyDrivers::GpioPort, MyDrivers::GpioPin, MyDrivers::GpioPull)
                0x0800058e                MyDrivers::Gpo::Gpo(MyDrivers::GpioPort, MyDrivers::GpioPin, MyDrivers::GpioPull)
                0x080005d0                MyDrivers::Gpo::toggleBit()
                0x080005de                MyDrivers::Gpo::operator<<(MyDrivers::GpioState)
                0x080005e8                MyDrivers::Gpio::setTypePinIn()
                0x0800060c                MyDrivers::Gpio::Gpio(MyDrivers::GpioPort, MyDrivers::GpioPin, MyDrivers::GpioPull)
                0x0800060c                MyDrivers::Gpio::Gpio(MyDrivers::GpioPort, MyDrivers::GpioPin, MyDrivers::GpioPull)
                0x08000630                MyDrivers::Gpio::getBit()
                0x0800064a                MyDrivers::Gpio::operator>>(MyDrivers::GpioState&)
                0x08000656                MyDrivers::Gpio::setTypePinOut()
                0x0800067c                MyDrivers::Gpio::setBit(MyDrivers::GpioState)
                0x0800069e                MyDrivers::Gpio::operator<<(MyDrivers::GpioState)
 .text          0x080006a8       0x30 c:/work/tools/gnu_arm_embedded_toolchain/10_2021.10/bin/../lib/gcc/arm-none-eabi/10.3.1/thumb/v7e-m+fp/hard\libgcc.a(_aeabi_uldivmod.o)
                0x080006a8                __aeabi_uldivmod
 .text          0x080006d8      0x2d0 c:/work/tools/gnu_arm_embedded_toolchain/10_2021.10/bin/../lib/gcc/arm-none-eabi/10.3.1/thumb/v7e-m+fp/hard\libgcc.a(_udivmoddi4.o)
                0x080006d8                __udivmoddi4
 .text          0x080009a8      0x9d8 c:/work/tools/gnu_arm_embedded_toolchain/10_2021.10/bin/../lib/gcc/arm-none-eabi/10.3.1/thumb/v7e-m+fp/hard\libgcc.a(unwind-arm.o)
                0x08000c50                _Unwind_GetCFA
                0x08000c54                __gnu_Unwind_RaiseException
                0x08000cbc                __gnu_Unwind_ForcedUnwind
                0x08000ccc                __gnu_Unwind_Resume
                0x08000d10                __gnu_Unwind_Resume_or_Rethrow
                0x08000d20                _Unwind_Complete
                0x08000d24                _Unwind_DeleteException
                0x08000d30                _Unwind_VRS_Get
                0x08000d7c                _Unwind_VRS_Set
                0x08000dc4                __gnu_Unwind_Backtrace
                0x080010f0                __aeabi_unwind_cpp_pr0
                0x080010f4                __aeabi_unwind_cpp_pr1
                0x080010f8                __aeabi_unwind_cpp_pr2
                0x080010fc                _Unwind_VRS_Pop
 .text          0x08001380      0x1ac c:/work/tools/gnu_arm_embedded_toolchain/10_2021.10/bin/../lib/gcc/arm-none-eabi/10.3.1/thumb/v7e-m+fp/hard\libgcc.a(libunwind.o)
                0x08001380                __restore_core_regs
                0x08001380                restore_core_regs
                0x08001398                __gnu_Unwind_Restore_VFP
                0x080013a0                __gnu_Unwind_Save_VFP
                0x080013a8                __gnu_Unwind_Restore_VFP_D
                0x080013b0                __gnu_Unwind_Save_VFP_D
                0x080013b8                __gnu_Unwind_Restore_VFP_D_16_to_31
                0x080013c0                __gnu_Unwind_Save_VFP_D_16_to_31
                0x080013c8                __gnu_Unwind_Restore_WMMXD
                0x0800140c                __gnu_Unwind_Save_WMMXD
                0x08001450                __gnu_Unwind_Restore_WMMXC
                0x08001464                __gnu_Unwind_Save_WMMXC
                0x08001478                ___Unwind_RaiseException
                0x08001478                _Unwind_RaiseException
                0x0800149c                _Unwind_Resume
                0x0800149c                ___Unwind_Resume
                0x080014c0                _Unwind_Resume_or_Rethrow
                0x080014c0                ___Unwind_Resume_or_Rethrow
                0x080014e4                _Unwind_ForcedUnwind
                0x080014e4                ___Unwind_ForcedUnwind
                0x08001508                ___Unwind_Backtrace
                0x08001508                _Unwind_Backtrace
 .text          0x0800152c      0x350 c:/work/tools/gnu_arm_embedded_toolchain/10_2021.10/bin/../lib/gcc/arm-none-eabi/10.3.1/thumb/v7e-m+fp/hard\libgcc.a(pr-support.o)
                0x08001584                __gnu_unwind_execute
                0x08001830                __gnu_unwind_frame
                0x0800185c                _Unwind_GetRegionStart
                0x08001868                _Unwind_GetLanguageSpecificData
 .text          0x0800187c        0x4 c:/work/tools/gnu_arm_embedded_toolchain/10_2021.10/bin/../lib/gcc/arm-none-eabi/10.3.1/thumb/v7e-m+fp/hard\libgcc.a(_dvmd_tls.o)
                0x0800187c                __aeabi_idiv0
                0x0800187c                __aeabi_ldiv0
 .text          0x08001880       0x14 c:/work/tools/gnu_arm_embedded_toolchain/10_2021.10/bin/../lib/gcc/arm-none-eabi/10.3.1/../../../../arm-none-eabi/lib/thumb/v7e-m+fp/hard\libc_nano.a(lib_a-strcmp.o)
                0x08001880                strcmp
 *(.text*)
 .text.NMI_Handler
                0x08001894        0x2 build/stm32f4xx_it.o
                0x08001894                NMI_Handler
 .text.HardFault_Handler
                0x08001896        0x2 build/stm32f4xx_it.o
                0x08001896                HardFault_Handler
 .text.MemManage_Handler
                0x08001898        0x2 build/stm32f4xx_it.o
                0x08001898                MemManage_Handler
 .text.BusFault_Handler
                0x0800189a        0x2 build/stm32f4xx_it.o
                0x0800189a                BusFault_Handler
 .text.UsageFault_Handler
                0x0800189c        0x2 build/stm32f4xx_it.o
                0x0800189c                UsageFault_Handler
 .text.SVC_Handler
                0x0800189e        0x2 build/stm32f4xx_it.o
                0x0800189e                SVC_Handler
 .text.DebugMon_Handler
                0x080018a0        0x2 build/stm32f4xx_it.o
                0x080018a0                DebugMon_Handler
 .text.PendSV_Handler
                0x080018a2        0x2 build/stm32f4xx_it.o
                0x080018a2                PendSV_Handler
 .text.SysTick_Handler
                0x080018a4        0x8 build/stm32f4xx_it.o
                0x080018a4                SysTick_Handler
 .text.HAL_MspInit
                0x080018ac       0x38 build/stm32f4xx_hal_msp.o
                0x080018ac                HAL_MspInit
 .text.HAL_RCC_OscConfig
                0x080018e4      0x3f8 build/stm32f4xx_hal_rcc.o
                0x080018e4                HAL_RCC_OscConfig
 .text.HAL_RCC_GetSysClockFreq
                0x08001cdc       0xd4 build/stm32f4xx_hal_rcc.o
                0x08001cdc                HAL_RCC_GetSysClockFreq
 .text.HAL_RCC_ClockConfig
                0x08001db0      0x160 build/stm32f4xx_hal_rcc.o
                0x08001db0                HAL_RCC_ClockConfig
 .text.HAL_NVIC_SetPriorityGrouping
                0x08001f10       0x24 build/stm32f4xx_hal_cortex.o
                0x08001f10                HAL_NVIC_SetPriorityGrouping
 .text.HAL_NVIC_SetPriority
                0x08001f34       0x70 build/stm32f4xx_hal_cortex.o
                0x08001f34                HAL_NVIC_SetPriority
 .text.HAL_SYSTICK_Config
                0x08001fa4       0x28 build/stm32f4xx_hal_cortex.o
                0x08001fa4                HAL_SYSTICK_Config
 .text.HAL_InitTick
                0x08001fcc       0x4c build/stm32f4xx_hal.o
                0x08001fcc                HAL_InitTick
 .text.HAL_Init
                0x08002018       0x34 build/stm32f4xx_hal.o
                0x08002018                HAL_Init
 .text.HAL_IncTick
                0x0800204c       0x18 build/stm32f4xx_hal.o
                0x0800204c                HAL_IncTick
 .text.HAL_GetTick
                0x08002064        0xc build/stm32f4xx_hal.o
                0x08002064                HAL_GetTick
 .text.HAL_Delay
                0x08002070       0x28 build/stm32f4xx_hal.o
                0x08002070                HAL_Delay
 .text.SystemInit
                0x08002098       0x14 build/system_stm32f4xx.o
                0x08002098                SystemInit
 .text.Reset_Handler
                0x080020ac       0x50 build/startup_stm32f411xe.o
                0x080020ac                Reset_Handler
 .text.Default_Handler
                0x080020fc        0x2 build/startup_stm32f411xe.o
                0x080020fc                RTC_Alarm_IRQHandler
                0x080020fc                EXTI2_IRQHandler
                0x080020fc                SPI4_IRQHandler
                0x080020fc                TIM1_CC_IRQHandler
                0x080020fc                DMA2_Stream5_IRQHandler
                0x080020fc                DMA1_Stream5_IRQHandler
                0x080020fc                PVD_IRQHandler
                0x080020fc                SDIO_IRQHandler
                0x080020fc                TAMP_STAMP_IRQHandler
                0x080020fc                EXTI3_IRQHandler
                0x080020fc                TIM1_UP_TIM10_IRQHandler
                0x080020fc                I2C3_ER_IRQHandler
                0x080020fc                EXTI0_IRQHandler
                0x080020fc                I2C2_EV_IRQHandler
                0x080020fc                DMA1_Stream2_IRQHandler
                0x080020fc                FPU_IRQHandler
                0x080020fc                DMA2_Stream2_IRQHandler
                0x080020fc                SPI1_IRQHandler
                0x080020fc                TIM1_BRK_TIM9_IRQHandler
                0x080020fc                DMA2_Stream3_IRQHandler
                0x080020fc                USART6_IRQHandler
                0x080020fc                DMA2_Stream0_IRQHandler
                0x080020fc                TIM4_IRQHandler
                0x080020fc                I2C1_EV_IRQHandler
                0x080020fc                DMA1_Stream6_IRQHandler
                0x080020fc                DMA1_Stream1_IRQHandler
                0x080020fc                TIM3_IRQHandler
                0x080020fc                RCC_IRQHandler
                0x080020fc                Default_Handler
                0x080020fc                EXTI15_10_IRQHandler
                0x080020fc                ADC_IRQHandler
                0x080020fc                DMA1_Stream7_IRQHandler
                0x080020fc                SPI5_IRQHandler
                0x080020fc                TIM5_IRQHandler
                0x080020fc                DMA2_Stream7_IRQHandler
                0x080020fc                I2C3_EV_IRQHandler
                0x080020fc                EXTI9_5_IRQHandler
                0x080020fc                RTC_WKUP_IRQHandler
                0x080020fc                SPI2_IRQHandler
                0x080020fc                DMA1_Stream0_IRQHandler
                0x080020fc                EXTI4_IRQHandler
                0x080020fc                WWDG_IRQHandler
                0x080020fc                TIM2_IRQHandler
                0x080020fc                OTG_FS_WKUP_IRQHandler
                0x080020fc                TIM1_TRG_COM_TIM11_IRQHandler
                0x080020fc                EXTI1_IRQHandler
                0x080020fc                USART2_IRQHandler
                0x080020fc                I2C2_ER_IRQHandler
                0x080020fc                DMA2_Stream1_IRQHandler
                0x080020fc                FLASH_IRQHandler
                0x080020fc                DMA2_Stream4_IRQHandler
                0x080020fc                USART1_IRQHandler
                0x080020fc                OTG_FS_IRQHandler
                0x080020fc                SPI3_IRQHandler
                0x080020fc                DMA1_Stream4_IRQHandler
                0x080020fc                I2C1_ER_IRQHandler
                0x080020fc                DMA2_Stream6_IRQHandler
                0x080020fc                DMA1_Stream3_IRQHandler
 *fill*         0x080020fe        0x2 
 .text._ZN9MyDrivers3GpiD2Ev
                0x08002100        0xc build/MyGpio.o
                0x08002100                MyDrivers::Gpi::~Gpi()
                0x08002100                MyDrivers::Gpi::~Gpi()
 .text._ZN9MyDrivers3GpoD2Ev
                0x0800210c        0xc build/MyGpio.o
                0x0800210c                MyDrivers::Gpo::~Gpo()
                0x0800210c                MyDrivers::Gpo::~Gpo()
 .text._ZN9MyDrivers4GpioD2Ev
                0x08002118        0xc build/MyGpio.o
                0x08002118                MyDrivers::Gpio::~Gpio()
                0x08002118                MyDrivers::Gpio::~Gpio()
 .text._ZN9MyDrivers4GpioD0Ev
                0x08002124       0x18 build/MyGpio.o
                0x08002124                MyDrivers::Gpio::~Gpio()
 .text._ZN9MyDrivers3GpoD0Ev
                0x0800213c       0x18 build/MyGpio.o
                0x0800213c                MyDrivers::Gpo::~Gpo()
 .text._ZN9MyDrivers3GpiD0Ev
                0x08002154       0x18 build/MyGpio.o
                0x08002154                MyDrivers::Gpi::~Gpi()
 .text.__libc_init_array
                0x0800216c       0x48 c:/work/tools/gnu_arm_embedded_toolchain/10_2021.10/bin/../lib/gcc/arm-none-eabi/10.3.1/../../../../arm-none-eabi/lib/thumb/v7e-m+fp/hard\libc_nano.a(lib_a-init.o)
                0x0800216c                __libc_init_array
 .text.memset   0x080021b4       0x10 c:/work/tools/gnu_arm_embedded_toolchain/10_2021.10/bin/../lib/gcc/arm-none-eabi/10.3.1/../../../../arm-none-eabi/lib/thumb/v7e-m+fp/hard\libc_nano.a(lib_a-memset.o)
                0x080021b4                memset
 .text._exit    0x080021c4        0x4 c:/work/tools/gnu_arm_embedded_toolchain/10_2021.10/bin/../lib/gcc/arm-none-eabi/10.3.1/../../../../arm-none-eabi/lib/thumb/v7e-m+fp/hard\libnosys.a(_exit.o)
                0x080021c4                _exit
 .text._ZNK10__cxxabiv117__class_type_info11__do_upcastEPKS0_PPv
                0x080021c8       0x32 c:/work/tools/gnu_arm_embedded_toolchain/10_2021.10/bin/../lib/gcc/arm-none-eabi/10.3.1/../../../../arm-none-eabi/lib/thumb/v7e-m+fp/hard\libstdc++_nano.a(class_type_info.o)
                0x080021c8                __cxxabiv1::__class_type_info::__do_upcast(__cxxabiv1::__class_type_info const*, void**) const
 .text._ZNK10__cxxabiv117__class_type_info20__do_find_public_srcEiPKvPKS0_S2_
                0x080021fa        0xc c:/work/tools/gnu_arm_embedded_toolchain/10_2021.10/bin/../lib/gcc/arm-none-eabi/10.3.1/../../../../arm-none-eabi/lib/thumb/v7e-m+fp/hard\libstdc++_nano.a(class_type_info.o)
                0x080021fa                __cxxabiv1::__class_type_info::__do_find_public_src(int, void const*, __cxxabiv1::__class_type_info const*, void const*) const
 *fill*         0x08002206        0x2 
 .text._ZN10__cxxabiv117__class_type_infoD2Ev
                0x08002208       0x14 c:/work/tools/gnu_arm_embedded_toolchain/10_2021.10/bin/../lib/gcc/arm-none-eabi/10.3.1/../../../../arm-none-eabi/lib/thumb/v7e-m+fp/hard\libstdc++_nano.a(class_type_info.o)
                0x08002208                __cxxabiv1::__class_type_info::~__class_type_info()
                0x08002208                __cxxabiv1::__class_type_info::~__class_type_info()
 .text._ZN10__cxxabiv117__class_type_infoD0Ev
                0x0800221c       0x14 c:/work/tools/gnu_arm_embedded_toolchain/10_2021.10/bin/../lib/gcc/arm-none-eabi/10.3.1/../../../../arm-none-eabi/lib/thumb/v7e-m+fp/hard\libstdc++_nano.a(class_type_info.o)
                0x0800221c                __cxxabiv1::__class_type_info::~__class_type_info()
 .text._ZNK10__cxxabiv117__class_type_info12__do_dyncastEiNS0_10__sub_kindEPKS0_PKvS3_S5_RNS0_16__dyncast_resultE
                0x08002230       0x3e c:/work/tools/gnu_arm_embedded_toolchain/10_2021.10/bin/../lib/gcc/arm-none-eabi/10.3.1/../../../../arm-none-eabi/lib/thumb/v7e-m+fp/hard\libstdc++_nano.a(class_type_info.o)
                0x08002230                __cxxabiv1::__class_type_info::__do_dyncast(int, __cxxabiv1::__class_type_info::__sub_kind, __cxxabiv1::__class_type_info const*, void const*, __cxxabiv1::__class_type_info const*, void const*, __cxxabiv1::__class_type_info::__dyncast_result&) const
 .text._ZNK10__cxxabiv117__class_type_info11__do_upcastEPKS0_PKvRNS0_15__upcast_resultE
                0x0800226e       0x18 c:/work/tools/gnu_arm_embedded_toolchain/10_2021.10/bin/../lib/gcc/arm-none-eabi/10.3.1/../../../../arm-none-eabi/lib/thumb/v7e-m+fp/hard\libstdc++_nano.a(class_type_info.o)
                0x0800226e                __cxxabiv1::__class_type_info::__do_upcast(__cxxabiv1::__class_type_info const*, void const*, __cxxabiv1::__class_type_info::__upcast_result&) const
 .text._ZNK10__cxxabiv117__class_type_info10__do_catchEPKSt9type_infoPPvj
                0x08002286       0x2a c:/work/tools/gnu_arm_embedded_toolchain/10_2021.10/bin/../lib/gcc/arm-none-eabi/10.3.1/../../../../arm-none-eabi/lib/thumb/v7e-m+fp/hard\libstdc++_nano.a(class_type_info.o)
                0x08002286                __cxxabiv1::__class_type_info::__do_catch(std::type_info const*, void**, unsigned int) const
 .text._ZdlPvj  0x080022b0        0x4 c:/work/tools/gnu_arm_embedded_toolchain/10_2021.10/bin/../lib/gcc/arm-none-eabi/10.3.1/../../../../arm-none-eabi/lib/thumb/v7e-m+fp/hard\libstdc++_nano.a(del_ops.o)
                0x080022b0                operator delete(void*, unsigned int)
 .text.__cxa_end_cleanup
                0x080022b4        0xc c:/work/tools/gnu_arm_embedded_toolchain/10_2021.10/bin/../lib/gcc/arm-none-eabi/10.3.1/../../../../arm-none-eabi/lib/thumb/v7e-m+fp/hard\libstdc++_nano.a(eh_arm.o)
                0x080022b4                __cxa_end_cleanup
 .text._ZN10__cxxabiv1L24__is_gxx_exception_classEPc
                0x080022c0       0x3a c:/work/tools/gnu_arm_embedded_toolchain/10_2021.10/bin/../lib/gcc/arm-none-eabi/10.3.1/../../../../arm-none-eabi/lib/thumb/v7e-m+fp/hard\libstdc++_nano.a(eh_arm.o)
 *fill*         0x080022fa        0x2 
 .text.__cxa_type_match
                0x080022fc       0xbc c:/work/tools/gnu_arm_embedded_toolchain/10_2021.10/bin/../lib/gcc/arm-none-eabi/10.3.1/../../../../arm-none-eabi/lib/thumb/v7e-m+fp/hard\libstdc++_nano.a(eh_arm.o)
                0x080022fc                __cxa_type_match
 .text.__cxa_begin_cleanup
                0x080023b8       0x3a c:/work/tools/gnu_arm_embedded_toolchain/10_2021.10/bin/../lib/gcc/arm-none-eabi/10.3.1/../../../../arm-none-eabi/lib/thumb/v7e-m+fp/hard\libstdc++_nano.a(eh_arm.o)
                0x080023b8                __cxa_begin_cleanup
 .text.__gnu_end_cleanup
                0x080023f2       0x32 c:/work/tools/gnu_arm_embedded_toolchain/10_2021.10/bin/../lib/gcc/arm-none-eabi/10.3.1/../../../../arm-none-eabi/lib/thumb/v7e-m+fp/hard\libstdc++_nano.a(eh_arm.o)
                0x080023f2                __gnu_end_cleanup
 .text.__cxa_get_globals
                0x08002424        0x8 c:/work/tools/gnu_arm_embedded_toolchain/10_2021.10/bin/../lib/gcc/arm-none-eabi/10.3.1/../../../../arm-none-eabi/lib/thumb/v7e-m+fp/hard\libstdc++_nano.a(eh_globals.o)
                0x08002424                __cxa_get_globals
 .text._ZL12read_uleb128PKhPm
                0x0800242c       0x1e c:/work/tools/gnu_arm_embedded_toolchain/10_2021.10/bin/../lib/gcc/arm-none-eabi/10.3.1/../../../../arm-none-eabi/lib/thumb/v7e-m+fp/hard\libstdc++_nano.a(eh_personality.o)
 .text._ZL12read_sleb128PKhPl
                0x0800244a       0x30 c:/work/tools/gnu_arm_embedded_toolchain/10_2021.10/bin/../lib/gcc/arm-none-eabi/10.3.1/../../../../arm-none-eabi/lib/thumb/v7e-m+fp/hard\libstdc++_nano.a(eh_personality.o)
 .text._ZL28read_encoded_value_with_basehjPKhPj
                0x0800247a       0x8c c:/work/tools/gnu_arm_embedded_toolchain/10_2021.10/bin/../lib/gcc/arm-none-eabi/10.3.1/../../../../arm-none-eabi/lib/thumb/v7e-m+fp/hard\libstdc++_nano.a(eh_personality.o)
 .text._ZL21base_of_encoded_valuehP15_Unwind_Context
                0x08002506       0x48 c:/work/tools/gnu_arm_embedded_toolchain/10_2021.10/bin/../lib/gcc/arm-none-eabi/10.3.1/../../../../arm-none-eabi/lib/thumb/v7e-m+fp/hard\libstdc++_nano.a(eh_personality.o)
 .text._ZL18read_encoded_valueP15_Unwind_ContexthPKhPj
                0x0800254e       0x22 c:/work/tools/gnu_arm_embedded_toolchain/10_2021.10/bin/../lib/gcc/arm-none-eabi/10.3.1/../../../../arm-none-eabi/lib/thumb/v7e-m+fp/hard\libstdc++_nano.a(eh_personality.o)
 .text._ZL17parse_lsda_headerP15_Unwind_ContextPKhP16lsda_header_info
                0x08002570       0x62 c:/work/tools/gnu_arm_embedded_toolchain/10_2021.10/bin/../lib/gcc/arm-none-eabi/10.3.1/../../../../arm-none-eabi/lib/thumb/v7e-m+fp/hard\libstdc++_nano.a(eh_personality.o)
 .text._Unwind_GetGR
                0x080025d2       0x18 c:/work/tools/gnu_arm_embedded_toolchain/10_2021.10/bin/../lib/gcc/arm-none-eabi/10.3.1/../../../../arm-none-eabi/lib/thumb/v7e-m+fp/hard\libstdc++_nano.a(eh_personality.o)
 *fill*         0x080025ea        0x2 
 .text.__gxx_personality_v0
                0x080025ec      0x338 c:/work/tools/gnu_arm_embedded_toolchain/10_2021.10/bin/../lib/gcc/arm-none-eabi/10.3.1/../../../../arm-none-eabi/lib/thumb/v7e-m+fp/hard\libstdc++_nano.a(eh_personality.o)
                0x080025ec                __gxx_personality_v0
 .text._ZN10__cxxabiv111__terminateEPFvvE
                0x08002924        0x8 c:/work/tools/gnu_arm_embedded_toolchain/10_2021.10/bin/../lib/gcc/arm-none-eabi/10.3.1/../../../../arm-none-eabi/lib/thumb/v7e-m+fp/hard\libstdc++_nano.a(eh_terminate.o)
                0x08002924                __cxxabiv1::__terminate(void (*)())
 .text._ZSt13get_terminatev
                0x0800292c       0x10 c:/work/tools/gnu_arm_embedded_toolchain/10_2021.10/bin/../lib/gcc/arm-none-eabi/10.3.1/../../../../arm-none-eabi/lib/thumb/v7e-m+fp/hard\libstdc++_nano.a(eh_terminate.o)
                0x0800292c                std::get_terminate()
 .text._ZSt9terminatev
                0x0800293c        0xa c:/work/tools/gnu_arm_embedded_toolchain/10_2021.10/bin/../lib/gcc/arm-none-eabi/10.3.1/../../../../arm-none-eabi/lib/thumb/v7e-m+fp/hard\libstdc++_nano.a(eh_terminate.o)
                0x0800293c                std::terminate()
 .text._ZN10__cxxabiv112__unexpectedEPFvvE
                0x08002946        0x8 c:/work/tools/gnu_arm_embedded_toolchain/10_2021.10/bin/../lib/gcc/arm-none-eabi/10.3.1/../../../../arm-none-eabi/lib/thumb/v7e-m+fp/hard\libstdc++_nano.a(eh_terminate.o)
                0x08002946                __cxxabiv1::__unexpected(void (*)())
 *fill*         0x0800294e        0x2 
 .text._ZSt14get_unexpectedv
                0x08002950       0x10 c:/work/tools/gnu_arm_embedded_toolchain/10_2021.10/bin/../lib/gcc/arm-none-eabi/10.3.1/../../../../arm-none-eabi/lib/thumb/v7e-m+fp/hard\libstdc++_nano.a(eh_terminate.o)
                0x08002950                std::get_unexpected()
 .text._ZSt10unexpectedv
                0x08002960        0xa c:/work/tools/gnu_arm_embedded_toolchain/10_2021.10/bin/../lib/gcc/arm-none-eabi/10.3.1/../../../../arm-none-eabi/lib/thumb/v7e-m+fp/hard\libstdc++_nano.a(eh_terminate.o)
                0x08002960                std::unexpected()
 *fill*         0x0800296a        0x2 
 .text._ZN10__cxxabiv120__si_class_type_infoD2Ev
                0x0800296c       0x14 c:/work/tools/gnu_arm_embedded_toolchain/10_2021.10/bin/../lib/gcc/arm-none-eabi/10.3.1/../../../../arm-none-eabi/lib/thumb/v7e-m+fp/hard\libstdc++_nano.a(si_class_type_info.o)
                0x0800296c                __cxxabiv1::__si_class_type_info::~__si_class_type_info()
                0x0800296c                __cxxabiv1::__si_class_type_info::~__si_class_type_info()
 .text._ZN10__cxxabiv120__si_class_type_infoD0Ev
                0x08002980       0x14 c:/work/tools/gnu_arm_embedded_toolchain/10_2021.10/bin/../lib/gcc/arm-none-eabi/10.3.1/../../../../arm-none-eabi/lib/thumb/v7e-m+fp/hard\libstdc++_nano.a(si_class_type_info.o)
                0x08002980                __cxxabiv1::__si_class_type_info::~__si_class_type_info()
 .text._ZNK10__cxxabiv120__si_class_type_info20__do_find_public_srcEiPKvPKNS_17__class_type_infoES2_
                0x08002994       0x38 c:/work/tools/gnu_arm_embedded_toolchain/10_2021.10/bin/../lib/gcc/arm-none-eabi/10.3.1/../../../../arm-none-eabi/lib/thumb/v7e-m+fp/hard\libstdc++_nano.a(si_class_type_info.o)
                0x08002994                __cxxabiv1::__si_class_type_info::__do_find_public_src(int, void const*, __cxxabiv1::__class_type_info const*, void const*) const
 .text._ZNK10__cxxabiv120__si_class_type_info12__do_dyncastEiNS_17__class_type_info10__sub_kindEPKS1_PKvS4_S6_RNS1_16__dyncast_resultE
                0x080029cc       0x74 c:/work/tools/gnu_arm_embedded_toolchain/10_2021.10/bin/../lib/gcc/arm-none-eabi/10.3.1/../../../../arm-none-eabi/lib/thumb/v7e-m+fp/hard\libstdc++_nano.a(si_class_type_info.o)
                0x080029cc                __cxxabiv1::__si_class_type_info::__do_dyncast(int, __cxxabiv1::__class_type_info::__sub_kind, __cxxabiv1::__class_type_info const*, void const*, __cxxabiv1::__class_type_info const*, void const*, __cxxabiv1::__class_type_info::__dyncast_result&) const
 .text._ZNK10__cxxabiv120__si_class_type_info11__do_upcastEPKNS_17__class_type_infoEPKvRNS1_15__upcast_resultE
                0x08002a40       0x2a c:/work/tools/gnu_arm_embedded_toolchain/10_2021.10/bin/../lib/gcc/arm-none-eabi/10.3.1/../../../../arm-none-eabi/lib/thumb/v7e-m+fp/hard\libstdc++_nano.a(si_class_type_info.o)
                0x08002a40                __cxxabiv1::__si_class_type_info::__do_upcast(__cxxabiv1::__class_type_info const*, void const*, __cxxabiv1::__class_type_info::__upcast_result&) const
 .text._ZNSt9type_infoD2Ev
                0x08002a6a        0x2 c:/work/tools/gnu_arm_embedded_toolchain/10_2021.10/bin/../lib/gcc/arm-none-eabi/10.3.1/../../../../arm-none-eabi/lib/thumb/v7e-m+fp/hard\libstdc++_nano.a(tinfo.o)
                0x08002a6a                std::type_info::~type_info()
                0x08002a6a                std::type_info::~type_info()
 .text._ZNKSt9type_info14__is_pointer_pEv
                0x08002a6c        0x4 c:/work/tools/gnu_arm_embedded_toolchain/10_2021.10/bin/../lib/gcc/arm-none-eabi/10.3.1/../../../../arm-none-eabi/lib/thumb/v7e-m+fp/hard\libstdc++_nano.a(tinfo.o)
                0x08002a6c                std::type_info::__is_pointer_p() const
                0x08002a6c                std::type_info::__is_function_p() const
 .text._ZNKSt9type_infoeqERKS_
                0x08002a70       0x2c c:/work/tools/gnu_arm_embedded_toolchain/10_2021.10/bin/../lib/gcc/arm-none-eabi/10.3.1/../../../../arm-none-eabi/lib/thumb/v7e-m+fp/hard\libstdc++_nano.a(tinfo.o)
                0x08002a70                std::type_info::operator==(std::type_info const&) const
 .text._ZN10__cxxabiv121__vmi_class_type_infoD2Ev
                0x08002a9c       0x14 c:/work/tools/gnu_arm_embedded_toolchain/10_2021.10/bin/../lib/gcc/arm-none-eabi/10.3.1/../../../../arm-none-eabi/lib/thumb/v7e-m+fp/hard\libstdc++_nano.a(vmi_class_type_info.o)
                0x08002a9c                __cxxabiv1::__vmi_class_type_info::~__vmi_class_type_info()
                0x08002a9c                __cxxabiv1::__vmi_class_type_info::~__vmi_class_type_info()
 .text._ZN10__cxxabiv121__vmi_class_type_infoD0Ev
                0x08002ab0       0x14 c:/work/tools/gnu_arm_embedded_toolchain/10_2021.10/bin/../lib/gcc/arm-none-eabi/10.3.1/../../../../arm-none-eabi/lib/thumb/v7e-m+fp/hard\libstdc++_nano.a(vmi_class_type_info.o)
                0x08002ab0                __cxxabiv1::__vmi_class_type_info::~__vmi_class_type_info()
 .text._ZNK10__cxxabiv121__vmi_class_type_info20__do_find_public_srcEiPKvPKNS_17__class_type_infoES2_
                0x08002ac4       0x78 c:/work/tools/gnu_arm_embedded_toolchain/10_2021.10/bin/../lib/gcc/arm-none-eabi/10.3.1/../../../../arm-none-eabi/lib/thumb/v7e-m+fp/hard\libstdc++_nano.a(vmi_class_type_info.o)
                0x08002ac4                __cxxabiv1::__vmi_class_type_info::__do_find_public_src(int, void const*, __cxxabiv1::__class_type_info const*, void const*) const
 .text._ZNK10__cxxabiv117__class_type_info17__find_public_srcEiPKvPKS0_S2_
                0x08002b3c       0x2a c:/work/tools/gnu_arm_embedded_toolchain/10_2021.10/bin/../lib/gcc/arm-none-eabi/10.3.1/../../../../arm-none-eabi/lib/thumb/v7e-m+fp/hard\libstdc++_nano.a(vmi_class_type_info.o)
                0x08002b3c                __cxxabiv1::__class_type_info::__find_public_src(int, void const*, __cxxabiv1::__class_type_info const*, void const*) const
 .text._ZNK10__cxxabiv121__vmi_class_type_info12__do_dyncastEiNS_17__class_type_info10__sub_kindEPKS1_PKvS4_S6_RNS1_16__dyncast_resultE
                0x08002b66      0x266 c:/work/tools/gnu_arm_embedded_toolchain/10_2021.10/bin/../lib/gcc/arm-none-eabi/10.3.1/../../../../arm-none-eabi/lib/thumb/v7e-m+fp/hard\libstdc++_nano.a(vmi_class_type_info.o)
                0x08002b66                __cxxabiv1::__vmi_class_type_info::__do_dyncast(int, __cxxabiv1::__class_type_info::__sub_kind, __cxxabiv1::__class_type_info const*, void const*, __cxxabiv1::__class_type_info const*, void const*, __cxxabiv1::__class_type_info::__dyncast_result&) const
 .text._ZNK10__cxxabiv121__vmi_class_type_info11__do_upcastEPKNS_17__class_type_infoEPKvRNS1_15__upcast_resultE
                0x08002dcc      0x138 c:/work/tools/gnu_arm_embedded_toolchain/10_2021.10/bin/../lib/gcc/arm-none-eabi/10.3.1/../../../../arm-none-eabi/lib/thumb/v7e-m+fp/hard\libstdc++_nano.a(vmi_class_type_info.o)
                0x08002dcc                __cxxabiv1::__vmi_class_type_info::__do_upcast(__cxxabiv1::__class_type_info const*, void const*, __cxxabiv1::__class_type_info::__upcast_result&) const
 .text._ZdlPv   0x08002f04        0x4 c:/work/tools/gnu_arm_embedded_toolchain/10_2021.10/bin/../lib/gcc/arm-none-eabi/10.3.1/../../../../arm-none-eabi/lib/thumb/v7e-m+fp/hard\libstdc++_nano.a(del_op.o)
                0x08002f04                operator delete(void*)
 .text._ZN10__cxxabiv1L24__is_gxx_exception_classEPc
                0x08002f08       0x3a c:/work/tools/gnu_arm_embedded_toolchain/10_2021.10/bin/../lib/gcc/arm-none-eabi/10.3.1/../../../../arm-none-eabi/lib/thumb/v7e-m+fp/hard\libstdc++_nano.a(eh_call.o)
 .text.__cxa_call_terminate
                0x08002f42       0x1e c:/work/tools/gnu_arm_embedded_toolchain/10_2021.10/bin/../lib/gcc/arm-none-eabi/10.3.1/../../../../arm-none-eabi/lib/thumb/v7e-m+fp/hard\libstdc++_nano.a(eh_call.o)
                0x08002f42                __cxa_call_terminate
 .text.__cxa_call_unexpected
                0x08002f60       0x28 c:/work/tools/gnu_arm_embedded_toolchain/10_2021.10/bin/../lib/gcc/arm-none-eabi/10.3.1/../../../../arm-none-eabi/lib/thumb/v7e-m+fp/hard\libstdc++_nano.a(eh_call.o)
                0x08002f60                __cxa_call_unexpected
 .text._ZN10__cxxabiv1L24__is_gxx_exception_classEPc
                0x08002f88       0x3a c:/work/tools/gnu_arm_embedded_toolchain/10_2021.10/bin/../lib/gcc/arm-none-eabi/10.3.1/../../../../arm-none-eabi/lib/thumb/v7e-m+fp/hard\libstdc++_nano.a(eh_catch.o)
 .text.__cxa_begin_catch
                0x08002fc2       0x52 c:/work/tools/gnu_arm_embedded_toolchain/10_2021.10/bin/../lib/gcc/arm-none-eabi/10.3.1/../../../../arm-none-eabi/lib/thumb/v7e-m+fp/hard\libstdc++_nano.a(eh_catch.o)
                0x08002fc2                __cxa_begin_catch
 .text.unlikely
                0x08003014        0xc c:/work/tools/gnu_arm_embedded_toolchain/10_2021.10/bin/../lib/gcc/arm-none-eabi/10.3.1/thumb/v7e-m+fp/hard\libgcc.a(pr-support.o)
                0x08003014                _Unwind_GetDataRelBase
                0x0800301a                _Unwind_GetTextRelBase
 .text.abort    0x08003020        0xe c:/work/tools/gnu_arm_embedded_toolchain/10_2021.10/bin/../lib/gcc/arm-none-eabi/10.3.1/../../../../arm-none-eabi/lib/thumb/v7e-m+fp/hard\libc_nano.a(lib_a-abort.o)
                0x08003020                abort
 *fill*         0x0800302e        0x2 
 .text.free     0x08003030       0x10 c:/work/tools/gnu_arm_embedded_toolchain/10_2021.10/bin/../lib/gcc/arm-none-eabi/10.3.1/../../../../arm-none-eabi/lib/thumb/v7e-m+fp/hard\libc_nano.a(lib_a-malloc.o)
                0x08003030                free
 .text.memcpy   0x08003040       0x1c c:/work/tools/gnu_arm_embedded_toolchain/10_2021.10/bin/../lib/gcc/arm-none-eabi/10.3.1/../../../../arm-none-eabi/lib/thumb/v7e-m+fp/hard\libc_nano.a(lib_a-memcpy-stub.o)
                0x08003040                memcpy
 .text._free_r  0x0800305c       0x98 c:/work/tools/gnu_arm_embedded_toolchain/10_2021.10/bin/../lib/gcc/arm-none-eabi/10.3.1/../../../../arm-none-eabi/lib/thumb/v7e-m+fp/hard\libc_nano.a(lib_a-nano-freer.o)
                0x0800305c                _free_r
 .text._raise_r
                0x080030f4       0x50 c:/work/tools/gnu_arm_embedded_toolchain/10_2021.10/bin/../lib/gcc/arm-none-eabi/10.3.1/../../../../arm-none-eabi/lib/thumb/v7e-m+fp/hard\libc_nano.a(lib_a-signal.o)
                0x080030f4                _raise_r
 .text.raise    0x08003144       0x10 c:/work/tools/gnu_arm_embedded_toolchain/10_2021.10/bin/../lib/gcc/arm-none-eabi/10.3.1/../../../../arm-none-eabi/lib/thumb/v7e-m+fp/hard\libc_nano.a(lib_a-signal.o)
                0x08003144                raise
 .text._kill_r  0x08003154       0x24 c:/work/tools/gnu_arm_embedded_toolchain/10_2021.10/bin/../lib/gcc/arm-none-eabi/10.3.1/../../../../arm-none-eabi/lib/thumb/v7e-m+fp/hard\libc_nano.a(lib_a-signalr.o)
                0x08003154                _kill_r
 .text._getpid_r
                0x08003178        0x4 c:/work/tools/gnu_arm_embedded_toolchain/10_2021.10/bin/../lib/gcc/arm-none-eabi/10.3.1/../../../../arm-none-eabi/lib/thumb/v7e-m+fp/hard\libc_nano.a(lib_a-signalr.o)
                0x08003178                _getpid_r
 .text.__malloc_lock
                0x0800317c        0xc c:/work/tools/gnu_arm_embedded_toolchain/10_2021.10/bin/../lib/gcc/arm-none-eabi/10.3.1/../../../../arm-none-eabi/lib/thumb/v7e-m+fp/hard\libc_nano.a(lib_a-mlock.o)
                0x0800317c                __malloc_lock
 .text.__malloc_unlock
                0x08003188        0xc c:/work/tools/gnu_arm_embedded_toolchain/10_2021.10/bin/../lib/gcc/arm-none-eabi/10.3.1/../../../../arm-none-eabi/lib/thumb/v7e-m+fp/hard\libc_nano.a(lib_a-mlock.o)
                0x08003188                __malloc_unlock
 .text.__retarget_lock_acquire_recursive
                0x08003194        0x2 c:/work/tools/gnu_arm_embedded_toolchain/10_2021.10/bin/../lib/gcc/arm-none-eabi/10.3.1/../../../../arm-none-eabi/lib/thumb/v7e-m+fp/hard\libc_nano.a(lib_a-lock.o)
                0x08003194                __retarget_lock_acquire_recursive
 .text.__retarget_lock_release_recursive
                0x08003196        0x2 c:/work/tools/gnu_arm_embedded_toolchain/10_2021.10/bin/../lib/gcc/arm-none-eabi/10.3.1/../../../../arm-none-eabi/lib/thumb/v7e-m+fp/hard\libc_nano.a(lib_a-lock.o)
                0x08003196                __retarget_lock_release_recursive
 .text._getpid  0x08003198       0x10 c:/work/tools/gnu_arm_embedded_toolchain/10_2021.10/bin/../lib/gcc/arm-none-eabi/10.3.1/../../../../arm-none-eabi/lib/thumb/v7e-m+fp/hard\libnosys.a(getpid.o)
                0x08003198                _getpid
 .text._kill    0x080031a8       0x10 c:/work/tools/gnu_arm_embedded_toolchain/10_2021.10/bin/../lib/gcc/arm-none-eabi/10.3.1/../../../../arm-none-eabi/lib/thumb/v7e-m+fp/hard\libnosys.a(kill.o)
                0x080031a8                _kill
 *(.glue_7)
 .glue_7        0x080031b8        0x0 linker stubs
 *(.glue_7t)
 .glue_7t       0x080031b8        0x0 linker stubs
 *(.eh_frame)
 .eh_frame      0x080031b8        0x0 c:/work/tools/gnu_arm_embedded_toolchain/10_2021.10/bin/../lib/gcc/arm-none-eabi/10.3.1/thumb/v7e-m+fp/hard/crtbegin.o
 *(.init)
 .init          0x080031b8        0x4 c:/work/tools/gnu_arm_embedded_toolchain/10_2021.10/bin/../lib/gcc/arm-none-eabi/10.3.1/thumb/v7e-m+fp/hard/crti.o
                0x080031b8                _init
 .init          0x080031bc        0x8 c:/work/tools/gnu_arm_embedded_toolchain/10_2021.10/bin/../lib/gcc/arm-none-eabi/10.3.1/thumb/v7e-m+fp/hard/crtn.o
 *(.fini)
 .fini          0x080031c4        0x4 c:/work/tools/gnu_arm_embedded_toolchain/10_2021.10/bin/../lib/gcc/arm-none-eabi/10.3.1/thumb/v7e-m+fp/hard/crti.o
                0x080031c4                _fini
 .fini          0x080031c8        0x8 c:/work/tools/gnu_arm_embedded_toolchain/10_2021.10/bin/../lib/gcc/arm-none-eabi/10.3.1/thumb/v7e-m+fp/hard/crtn.o
                0x080031d0                . = ALIGN (0x4)
                0x080031d0                _etext = .

.vfp11_veneer   0x080031d0        0x0
 .vfp11_veneer  0x080031d0        0x0 linker stubs

.v4_bx          0x080031d0        0x0
 .v4_bx         0x080031d0        0x0 linker stubs

.iplt           0x080031d0        0x0
 .iplt          0x080031d0        0x0 c:/work/tools/gnu_arm_embedded_toolchain/10_2021.10/bin/../lib/gcc/arm-none-eabi/10.3.1/thumb/v7e-m+fp/hard/crtbegin.o

.rodata         0x080031d0      0x274
                0x080031d0                . = ALIGN (0x4)
 *(.rodata)
 .rodata        0x080031d0       0x80 build/MyGpio.o
                0x080031d0                vtable for MyDrivers::Gpi
                0x080031e4                vtable for MyDrivers::Gpo
                0x080031f8                typeinfo name for MyDrivers::Gpi
                0x0800320c                typeinfo for MyDrivers::Gpi
                0x08003224                typeinfo name for MyDrivers::Gpo
                0x08003238                typeinfo for MyDrivers::Gpo
 *(.rodata*)
 .rodata.AHBPrescTable
                0x08003250       0x10 build/system_stm32f4xx.o
                0x08003250                AHBPrescTable
 .rodata._ZTSN9MyDrivers8GpioBaseE
                0x08003260       0x16 build/MyGpio.o
                0x08003260                typeinfo name for MyDrivers::GpioBase
 *fill*         0x08003276        0x2 
 .rodata._ZTIN9MyDrivers8GpioBaseE
                0x08003278        0x8 build/MyGpio.o
                0x08003278                typeinfo for MyDrivers::GpioBase
 .rodata._ZTSN9MyDrivers4GpioE
                0x08003280       0x12 build/MyGpio.o
                0x08003280                typeinfo name for MyDrivers::Gpio
 *fill*         0x08003292        0x2 
 .rodata._ZTIN9MyDrivers4GpioE
                0x08003294       0x18 build/MyGpio.o
                0x08003294                typeinfo for MyDrivers::Gpio
 .rodata._ZTVN9MyDrivers4GpioE
                0x080032ac       0x10 build/MyGpio.o
                0x080032ac                vtable for MyDrivers::Gpio
 .rodata._ZTIN10__cxxabiv117__class_type_infoE
                0x080032bc        0xc c:/work/tools/gnu_arm_embedded_toolchain/10_2021.10/bin/../lib/gcc/arm-none-eabi/10.3.1/../../../../arm-none-eabi/lib/thumb/v7e-m+fp/hard\libstdc++_nano.a(class_type_info.o)
                0x080032bc                typeinfo for __cxxabiv1::__class_type_info
 .rodata._ZTSN10__cxxabiv117__class_type_infoE
                0x080032c8       0x22 c:/work/tools/gnu_arm_embedded_toolchain/10_2021.10/bin/../lib/gcc/arm-none-eabi/10.3.1/../../../../arm-none-eabi/lib/thumb/v7e-m+fp/hard\libstdc++_nano.a(class_type_info.o)
                0x080032c8                typeinfo name for __cxxabiv1::__class_type_info
 *fill*         0x080032ea        0x2 
 .rodata._ZTVN10__cxxabiv117__class_type_infoE
                0x080032ec       0x2c c:/work/tools/gnu_arm_embedded_toolchain/10_2021.10/bin/../lib/gcc/arm-none-eabi/10.3.1/../../../../arm-none-eabi/lib/thumb/v7e-m+fp/hard\libstdc++_nano.a(class_type_info.o)
                0x080032ec                vtable for __cxxabiv1::__class_type_info
 .rodata._ZTIN10__cxxabiv115__forced_unwindE
                0x08003318        0x8 c:/work/tools/gnu_arm_embedded_toolchain/10_2021.10/bin/../lib/gcc/arm-none-eabi/10.3.1/../../../../arm-none-eabi/lib/thumb/v7e-m+fp/hard\libstdc++_nano.a(eh_exception.o)
                0x08003318                typeinfo for __cxxabiv1::__forced_unwind
 .rodata._ZTIN10__cxxabiv119__foreign_exceptionE
                0x08003320        0x8 c:/work/tools/gnu_arm_embedded_toolchain/10_2021.10/bin/../lib/gcc/arm-none-eabi/10.3.1/../../../../arm-none-eabi/lib/thumb/v7e-m+fp/hard\libstdc++_nano.a(eh_exception.o)
                0x08003320                typeinfo for __cxxabiv1::__foreign_exception
 .rodata._ZTSN10__cxxabiv115__forced_unwindE
                0x08003328       0x20 c:/work/tools/gnu_arm_embedded_toolchain/10_2021.10/bin/../lib/gcc/arm-none-eabi/10.3.1/../../../../arm-none-eabi/lib/thumb/v7e-m+fp/hard\libstdc++_nano.a(eh_exception.o)
                0x08003328                typeinfo name for __cxxabiv1::__forced_unwind
 .rodata._ZTSN10__cxxabiv119__foreign_exceptionE
                0x08003348       0x24 c:/work/tools/gnu_arm_embedded_toolchain/10_2021.10/bin/../lib/gcc/arm-none-eabi/10.3.1/../../../../arm-none-eabi/lib/thumb/v7e-m+fp/hard\libstdc++_nano.a(eh_exception.o)
                0x08003348                typeinfo name for __cxxabiv1::__foreign_exception
 .rodata._ZTIN10__cxxabiv120__si_class_type_infoE
                0x0800336c        0xc c:/work/tools/gnu_arm_embedded_toolchain/10_2021.10/bin/../lib/gcc/arm-none-eabi/10.3.1/../../../../arm-none-eabi/lib/thumb/v7e-m+fp/hard\libstdc++_nano.a(si_class_type_info.o)
                0x0800336c                typeinfo for __cxxabiv1::__si_class_type_info
 .rodata._ZTSN10__cxxabiv120__si_class_type_infoE
                0x08003378       0x25 c:/work/tools/gnu_arm_embedded_toolchain/10_2021.10/bin/../lib/gcc/arm-none-eabi/10.3.1/../../../../arm-none-eabi/lib/thumb/v7e-m+fp/hard\libstdc++_nano.a(si_class_type_info.o)
                0x08003378                typeinfo name for __cxxabiv1::__si_class_type_info
 *fill*         0x0800339d        0x3 
 .rodata._ZTVN10__cxxabiv120__si_class_type_infoE
                0x080033a0       0x2c c:/work/tools/gnu_arm_embedded_toolchain/10_2021.10/bin/../lib/gcc/arm-none-eabi/10.3.1/../../../../arm-none-eabi/lib/thumb/v7e-m+fp/hard\libstdc++_nano.a(si_class_type_info.o)
                0x080033a0                vtable for __cxxabiv1::__si_class_type_info
 .rodata._ZTISt9type_info
                0x080033cc        0x8 c:/work/tools/gnu_arm_embedded_toolchain/10_2021.10/bin/../lib/gcc/arm-none-eabi/10.3.1/../../../../arm-none-eabi/lib/thumb/v7e-m+fp/hard\libstdc++_nano.a(tinfo.o)
                0x080033cc                typeinfo for std::type_info
 .rodata._ZTSSt9type_info
                0x080033d4        0xd c:/work/tools/gnu_arm_embedded_toolchain/10_2021.10/bin/../lib/gcc/arm-none-eabi/10.3.1/../../../../arm-none-eabi/lib/thumb/v7e-m+fp/hard\libstdc++_nano.a(tinfo.o)
                0x080033d4                typeinfo name for std::type_info
 *fill*         0x080033e1        0x3 
 .rodata._ZTIN10__cxxabiv121__vmi_class_type_infoE
                0x080033e4        0xc c:/work/tools/gnu_arm_embedded_toolchain/10_2021.10/bin/../lib/gcc/arm-none-eabi/10.3.1/../../../../arm-none-eabi/lib/thumb/v7e-m+fp/hard\libstdc++_nano.a(vmi_class_type_info.o)
                0x080033e4                typeinfo for __cxxabiv1::__vmi_class_type_info
 .rodata._ZTSN10__cxxabiv121__vmi_class_type_infoE
                0x080033f0       0x26 c:/work/tools/gnu_arm_embedded_toolchain/10_2021.10/bin/../lib/gcc/arm-none-eabi/10.3.1/../../../../arm-none-eabi/lib/thumb/v7e-m+fp/hard\libstdc++_nano.a(vmi_class_type_info.o)
                0x080033f0                typeinfo name for __cxxabiv1::__vmi_class_type_info
 *fill*         0x08003416        0x2 
 .rodata._ZTVN10__cxxabiv121__vmi_class_type_infoE
                0x08003418       0x2c c:/work/tools/gnu_arm_embedded_toolchain/10_2021.10/bin/../lib/gcc/arm-none-eabi/10.3.1/../../../../arm-none-eabi/lib/thumb/v7e-m+fp/hard\libstdc++_nano.a(vmi_class_type_info.o)
                0x08003418                vtable for __cxxabiv1::__vmi_class_type_info
                0x08003444                . = ALIGN (0x4)

.ARM.extab      0x08003444       0x48
 *(.ARM.extab* .gnu.linkonce.armextab.*)
 .ARM.extab     0x08003444       0x23 build/main.o
 .ARM.extab.text._ZN9MyDrivers3GpiD2Ev
                0x08003467        0x0 build/MyGpio.o
 .ARM.extab.text._ZN9MyDrivers3GpoD2Ev
                0x08003467        0x0 build/MyGpio.o
 .ARM.extab.text._ZN9MyDrivers4GpioD2Ev
                0x08003467        0x0 build/MyGpio.o
 .ARM.extab.text._ZN9MyDrivers4GpioD0Ev
                0x08003467        0x0 build/MyGpio.o
 .ARM.extab.text._ZN9MyDrivers3GpoD0Ev
                0x08003467        0x0 build/MyGpio.o
 .ARM.extab.text._ZN9MyDrivers3GpiD0Ev
                0x08003467        0x0 build/MyGpio.o
 *fill*         0x08003467        0x1 
 .ARM.extab     0x08003468        0xc build/MyGpio.o
 .ARM.extab     0x08003474       0x18 c:/work/tools/gnu_arm_embedded_toolchain/10_2021.10/bin/../lib/gcc/arm-none-eabi/10.3.1/thumb/v7e-m+fp/hard\libgcc.a(pr-support.o)

.ARM            0x0800348c       0xf0
                0x0800348c                __exidx_start = .
 *(.ARM.exidx*)
 .ARM.exidx     0x0800348c       0x18 build/main.o
 .ARM.exidx.text._ZN9MyDrivers3GpiD2Ev
                0x0800357c        0x0 build/MyGpio.o
                                  0x8 (size before relaxing)
 .ARM.exidx.text._ZN9MyDrivers3GpoD2Ev
                0x0800357c        0x0 build/MyGpio.o
                                  0x8 (size before relaxing)
 .ARM.exidx.text._ZN9MyDrivers4GpioD2Ev
                0x0800357c        0x0 build/MyGpio.o
                                  0x8 (size before relaxing)
 .ARM.exidx.text._ZN9MyDrivers4GpioD0Ev
                0x0800357c        0x0 build/MyGpio.o
                                  0x8 (size before relaxing)
 .ARM.exidx.text._ZN9MyDrivers3GpoD0Ev
                0x0800357c        0x0 build/MyGpio.o
                                  0x8 (size before relaxing)
 .ARM.exidx.text._ZN9MyDrivers3GpiD0Ev
                0x0800357c        0x0 build/MyGpio.o
                                  0x8 (size before relaxing)
 .ARM.exidx     0x080034a4       0x28 build/MyGpio.o
                                 0x98 (size before relaxing)
 .ARM.exidx     0x080034cc        0x0 c:/work/tools/gnu_arm_embedded_toolchain/10_2021.10/bin/../lib/gcc/arm-none-eabi/10.3.1/thumb/v7e-m+fp/hard\libgcc.a(_udivmoddi4.o)
                                  0x8 (size before relaxing)
 .ARM.exidx     0x080034cc       0x78 c:/work/tools/gnu_arm_embedded_toolchain/10_2021.10/bin/../lib/gcc/arm-none-eabi/10.3.1/thumb/v7e-m+fp/hard\libgcc.a(unwind-arm.o)
                                 0xd8 (size before relaxing)
 .ARM.exidx     0x08003544       0x38 c:/work/tools/gnu_arm_embedded_toolchain/10_2021.10/bin/../lib/gcc/arm-none-eabi/10.3.1/thumb/v7e-m+fp/hard\libgcc.a(pr-support.o)
 .ARM.exidx.text.unlikely
                0x0800357c        0x0 c:/work/tools/gnu_arm_embedded_toolchain/10_2021.10/bin/../lib/gcc/arm-none-eabi/10.3.1/thumb/v7e-m+fp/hard\libgcc.a(pr-support.o)
                                 0x10 (size before relaxing)
                0x0800357c                __exidx_end = .

.rel.dyn        0x0800357c        0x0
 .rel.iplt      0x0800357c        0x0 c:/work/tools/gnu_arm_embedded_toolchain/10_2021.10/bin/../lib/gcc/arm-none-eabi/10.3.1/thumb/v7e-m+fp/hard/crtbegin.o

.preinit_array  0x0800357c        0x0
                0x0800357c                PROVIDE (__preinit_array_start = .)
 *(.preinit_array*)
                0x0800357c                PROVIDE (__preinit_array_end = .)

.init_array     0x0800357c        0x4
                0x0800357c                PROVIDE (__init_array_start = .)
 *(SORT_BY_NAME(.init_array.*))
 *(.init_array*)
 .init_array    0x0800357c        0x4 c:/work/tools/gnu_arm_embedded_toolchain/10_2021.10/bin/../lib/gcc/arm-none-eabi/10.3.1/thumb/v7e-m+fp/hard/crtbegin.o
                0x08003580                PROVIDE (__init_array_end = .)

.fini_array     0x08003580        0x4
                [!provide]                PROVIDE (__fini_array_start = .)
 *(SORT_BY_NAME(.fini_array.*))
 *(.fini_array*)
 .fini_array    0x08003580        0x4 c:/work/tools/gnu_arm_embedded_toolchain/10_2021.10/bin/../lib/gcc/arm-none-eabi/10.3.1/thumb/v7e-m+fp/hard/crtbegin.o
                [!provide]                PROVIDE (__fini_array_end = .)
                0x08003584                _sidata = LOADADDR (.data)

.data           0x20000000       0x78 load address 0x08003584
                0x20000000                . = ALIGN (0x4)
                0x20000000                _sdata = .
 *(.data)
 *(.data*)
 .data.uwTickFreq
                0x20000000        0x1 build/stm32f4xx_hal.o
                0x20000000                uwTickFreq
 *fill*         0x20000001        0x3 
 .data.uwTickPrio
                0x20000004        0x4 build/stm32f4xx_hal.o
                0x20000004                uwTickPrio
 .data.SystemCoreClock
                0x20000008        0x4 build/system_stm32f4xx.o
                0x20000008                SystemCoreClock
 .data._impure_ptr
                0x2000000c        0x4 c:/work/tools/gnu_arm_embedded_toolchain/10_2021.10/bin/../lib/gcc/arm-none-eabi/10.3.1/../../../../arm-none-eabi/lib/thumb/v7e-m+fp/hard\libc_nano.a(lib_a-impure.o)
                0x2000000c                _impure_ptr
 .data.impure_data
                0x20000010       0x60 c:/work/tools/gnu_arm_embedded_toolchain/10_2021.10/bin/../lib/gcc/arm-none-eabi/10.3.1/../../../../arm-none-eabi/lib/thumb/v7e-m+fp/hard\libc_nano.a(lib_a-impure.o)
 .data._ZN10__cxxabiv120__unexpected_handlerE
                0x20000070        0x4 c:/work/tools/gnu_arm_embedded_toolchain/10_2021.10/bin/../lib/gcc/arm-none-eabi/10.3.1/../../../../arm-none-eabi/lib/thumb/v7e-m+fp/hard\libstdc++_nano.a(eh_unex_handler.o)
                0x20000070                __cxxabiv1::__unexpected_handler
 .data._ZN10__cxxabiv119__terminate_handlerE
                0x20000074        0x4 c:/work/tools/gnu_arm_embedded_toolchain/10_2021.10/bin/../lib/gcc/arm-none-eabi/10.3.1/../../../../arm-none-eabi/lib/thumb/v7e-m+fp/hard\libstdc++_nano.a(eh_term_handler.o)
                0x20000074                __cxxabiv1::__terminate_handler
                0x20000078                . = ALIGN (0x4)
                0x20000078                _edata = .

.igot.plt       0x20000078        0x0 load address 0x080035fc
 .igot.plt      0x20000078        0x0 c:/work/tools/gnu_arm_embedded_toolchain/10_2021.10/bin/../lib/gcc/arm-none-eabi/10.3.1/thumb/v7e-m+fp/hard/crtbegin.o
                0x20000078                . = ALIGN (0x4)

.bss            0x20000078       0x38 load address 0x080035fc
                0x20000078                _sbss = .
                0x20000078                __bss_start__ = _sbss
 *(.bss)
 .bss           0x20000078       0x1c c:/work/tools/gnu_arm_embedded_toolchain/10_2021.10/bin/../lib/gcc/arm-none-eabi/10.3.1/thumb/v7e-m+fp/hard/crtbegin.o
 *(.bss*)
 .bss.uwTick    0x20000094        0x4 build/stm32f4xx_hal.o
                0x20000094                uwTick
 .bss._ZL10eh_globals
                0x20000098        0xc c:/work/tools/gnu_arm_embedded_toolchain/10_2021.10/bin/../lib/gcc/arm-none-eabi/10.3.1/../../../../arm-none-eabi/lib/thumb/v7e-m+fp/hard\libstdc++_nano.a(eh_globals.o)
 .bss.__malloc_free_list
                0x200000a4        0x4 c:/work/tools/gnu_arm_embedded_toolchain/10_2021.10/bin/../lib/gcc/arm-none-eabi/10.3.1/../../../../arm-none-eabi/lib/thumb/v7e-m+fp/hard\libc_nano.a(lib_a-nano-mallocr.o)
                0x200000a4                __malloc_free_list
 .bss.errno     0x200000a8        0x4 c:/work/tools/gnu_arm_embedded_toolchain/10_2021.10/bin/../lib/gcc/arm-none-eabi/10.3.1/../../../../arm-none-eabi/lib/thumb/v7e-m+fp/hard\libc_nano.a(lib_a-reent.o)
                0x200000a8                errno
 .bss.__lock___malloc_recursive_mutex
                0x200000ac        0x1 c:/work/tools/gnu_arm_embedded_toolchain/10_2021.10/bin/../lib/gcc/arm-none-eabi/10.3.1/../../../../arm-none-eabi/lib/thumb/v7e-m+fp/hard\libc_nano.a(lib_a-lock.o)
                0x200000ac                __lock___malloc_recursive_mutex
 *(COMMON)
                0x200000b0                . = ALIGN (0x4)
 *fill*         0x200000ad        0x3 
                0x200000b0                _ebss = .
                0x200000b0                __bss_end__ = _ebss

._user_heap_stack
                0x200000b0      0x600 load address 0x080035fc
                0x200000b0                . = ALIGN (0x8)
                0x200000b0                PROVIDE (end = .)
                [!provide]                PROVIDE (_end = .)
                0x200002b0                . = (. + _Min_Heap_Size)
 *fill*         0x200000b0      0x200 
                0x200006b0                . = (. + _Min_Stack_Size)
 *fill*         0x200002b0      0x400 
                0x200006b0                . = ALIGN (0x8)

/DISCARD/
 libc.a(*)
 libm.a(*)
 libgcc.a(*)

.ARM.attributes
                0x00000000       0x30
 *(.ARM.attributes)
 .ARM.attributes
                0x00000000       0x1e c:/work/tools/gnu_arm_embedded_toolchain/10_2021.10/bin/../lib/gcc/arm-none-eabi/10.3.1/thumb/v7e-m+fp/hard/crti.o
 .ARM.attributes
                0x0000001e       0x34 c:/work/tools/gnu_arm_embedded_toolchain/10_2021.10/bin/../lib/gcc/arm-none-eabi/10.3.1/thumb/v7e-m+fp/hard/crtbegin.o
 .ARM.attributes
                0x00000052       0x34 build/stm32f4xx_it.o
 .ARM.attributes
                0x00000086       0x34 build/stm32f4xx_hal_msp.o
 .ARM.attributes
                0x000000ba       0x34 build/stm32f4xx_hal_rcc.o
 .ARM.attributes
                0x000000ee       0x34 build/stm32f4xx_hal_cortex.o
 .ARM.attributes
                0x00000122       0x34 build/stm32f4xx_hal.o
 .ARM.attributes
                0x00000156       0x34 build/system_stm32f4xx.o
 .ARM.attributes
                0x0000018a       0x21 build/startup_stm32f411xe.o
 .ARM.attributes
                0x000001ab       0x34 build/main.o
 .ARM.attributes
                0x000001df       0x34 build/MyGpio.o
 .ARM.attributes
                0x00000213       0x34 c:/work/tools/gnu_arm_embedded_toolchain/10_2021.10/bin/../lib/gcc/arm-none-eabi/10.3.1/../../../../arm-none-eabi/lib/thumb/v7e-m+fp/hard\libc_nano.a(lib_a-impure.o)
 .ARM.attributes
                0x00000247       0x34 c:/work/tools/gnu_arm_embedded_toolchain/10_2021.10/bin/../lib/gcc/arm-none-eabi/10.3.1/../../../../arm-none-eabi/lib/thumb/v7e-m+fp/hard\libc_nano.a(lib_a-init.o)
 .ARM.attributes
                0x0000027b       0x34 c:/work/tools/gnu_arm_embedded_toolchain/10_2021.10/bin/../lib/gcc/arm-none-eabi/10.3.1/../../../../arm-none-eabi/lib/thumb/v7e-m+fp/hard\libc_nano.a(lib_a-memset.o)
 .ARM.attributes
                0x000002af       0x34 c:/work/tools/gnu_arm_embedded_toolchain/10_2021.10/bin/../lib/gcc/arm-none-eabi/10.3.1/../../../../arm-none-eabi/lib/thumb/v7e-m+fp/hard\libnosys.a(_exit.o)
 .ARM.attributes
                0x000002e3       0x34 c:/work/tools/gnu_arm_embedded_toolchain/10_2021.10/bin/../lib/gcc/arm-none-eabi/10.3.1/../../../../arm-none-eabi/lib/thumb/v7e-m+fp/hard\libstdc++_nano.a(class_type_info.o)
 .ARM.attributes
                0x00000317       0x34 c:/work/tools/gnu_arm_embedded_toolchain/10_2021.10/bin/../lib/gcc/arm-none-eabi/10.3.1/../../../../arm-none-eabi/lib/thumb/v7e-m+fp/hard\libstdc++_nano.a(del_ops.o)
 .ARM.attributes
                0x0000034b       0x34 c:/work/tools/gnu_arm_embedded_toolchain/10_2021.10/bin/../lib/gcc/arm-none-eabi/10.3.1/../../../../arm-none-eabi/lib/thumb/v7e-m+fp/hard\libstdc++_nano.a(eh_arm.o)
 .ARM.attributes
                0x0000037f       0x34 c:/work/tools/gnu_arm_embedded_toolchain/10_2021.10/bin/../lib/gcc/arm-none-eabi/10.3.1/../../../../arm-none-eabi/lib/thumb/v7e-m+fp/hard\libstdc++_nano.a(eh_exception.o)
 .ARM.attributes
                0x000003b3       0x34 c:/work/tools/gnu_arm_embedded_toolchain/10_2021.10/bin/../lib/gcc/arm-none-eabi/10.3.1/../../../../arm-none-eabi/lib/thumb/v7e-m+fp/hard\libstdc++_nano.a(eh_globals.o)
 .ARM.attributes
                0x000003e7       0x34 c:/work/tools/gnu_arm_embedded_toolchain/10_2021.10/bin/../lib/gcc/arm-none-eabi/10.3.1/../../../../arm-none-eabi/lib/thumb/v7e-m+fp/hard\libstdc++_nano.a(eh_personality.o)
 .ARM.attributes
                0x0000041b       0x34 c:/work/tools/gnu_arm_embedded_toolchain/10_2021.10/bin/../lib/gcc/arm-none-eabi/10.3.1/../../../../arm-none-eabi/lib/thumb/v7e-m+fp/hard\libstdc++_nano.a(eh_terminate.o)
 .ARM.attributes
                0x0000044f       0x34 c:/work/tools/gnu_arm_embedded_toolchain/10_2021.10/bin/../lib/gcc/arm-none-eabi/10.3.1/../../../../arm-none-eabi/lib/thumb/v7e-m+fp/hard\libstdc++_nano.a(eh_unex_handler.o)
 .ARM.attributes
                0x00000483       0x34 c:/work/tools/gnu_arm_embedded_toolchain/10_2021.10/bin/../lib/gcc/arm-none-eabi/10.3.1/../../../../arm-none-eabi/lib/thumb/v7e-m+fp/hard\libstdc++_nano.a(si_class_type_info.o)
 .ARM.attributes
                0x000004b7       0x34 c:/work/tools/gnu_arm_embedded_toolchain/10_2021.10/bin/../lib/gcc/arm-none-eabi/10.3.1/../../../../arm-none-eabi/lib/thumb/v7e-m+fp/hard\libstdc++_nano.a(tinfo.o)
 .ARM.attributes
                0x000004eb       0x34 c:/work/tools/gnu_arm_embedded_toolchain/10_2021.10/bin/../lib/gcc/arm-none-eabi/10.3.1/../../../../arm-none-eabi/lib/thumb/v7e-m+fp/hard\libstdc++_nano.a(vmi_class_type_info.o)
 .ARM.attributes
                0x0000051f       0x34 c:/work/tools/gnu_arm_embedded_toolchain/10_2021.10/bin/../lib/gcc/arm-none-eabi/10.3.1/../../../../arm-none-eabi/lib/thumb/v7e-m+fp/hard\libstdc++_nano.a(del_op.o)
 .ARM.attributes
                0x00000553       0x34 c:/work/tools/gnu_arm_embedded_toolchain/10_2021.10/bin/../lib/gcc/arm-none-eabi/10.3.1/../../../../arm-none-eabi/lib/thumb/v7e-m+fp/hard\libstdc++_nano.a(eh_call.o)
 .ARM.attributes
                0x00000587       0x34 c:/work/tools/gnu_arm_embedded_toolchain/10_2021.10/bin/../lib/gcc/arm-none-eabi/10.3.1/../../../../arm-none-eabi/lib/thumb/v7e-m+fp/hard\libstdc++_nano.a(eh_catch.o)
 .ARM.attributes
                0x000005bb       0x34 c:/work/tools/gnu_arm_embedded_toolchain/10_2021.10/bin/../lib/gcc/arm-none-eabi/10.3.1/../../../../arm-none-eabi/lib/thumb/v7e-m+fp/hard\libstdc++_nano.a(eh_term_handler.o)
 .ARM.attributes
                0x000005ef       0x1e c:/work/tools/gnu_arm_embedded_toolchain/10_2021.10/bin/../lib/gcc/arm-none-eabi/10.3.1/thumb/v7e-m+fp/hard\libgcc.a(_aeabi_uldivmod.o)
 .ARM.attributes
                0x0000060d       0x34 c:/work/tools/gnu_arm_embedded_toolchain/10_2021.10/bin/../lib/gcc/arm-none-eabi/10.3.1/thumb/v7e-m+fp/hard\libgcc.a(_udivmoddi4.o)
 .ARM.attributes
                0x00000641       0x34 c:/work/tools/gnu_arm_embedded_toolchain/10_2021.10/bin/../lib/gcc/arm-none-eabi/10.3.1/thumb/v7e-m+fp/hard\libgcc.a(unwind-arm.o)
 .ARM.attributes
                0x00000675       0x1e c:/work/tools/gnu_arm_embedded_toolchain/10_2021.10/bin/../lib/gcc/arm-none-eabi/10.3.1/thumb/v7e-m+fp/hard\libgcc.a(libunwind.o)
 .ARM.attributes
                0x00000693       0x34 c:/work/tools/gnu_arm_embedded_toolchain/10_2021.10/bin/../lib/gcc/arm-none-eabi/10.3.1/thumb/v7e-m+fp/hard\libgcc.a(pr-support.o)
 .ARM.attributes
                0x000006c7       0x1e c:/work/tools/gnu_arm_embedded_toolchain/10_2021.10/bin/../lib/gcc/arm-none-eabi/10.3.1/thumb/v7e-m+fp/hard\libgcc.a(_dvmd_tls.o)
 .ARM.attributes
                0x000006e5       0x34 c:/work/tools/gnu_arm_embedded_toolchain/10_2021.10/bin/../lib/gcc/arm-none-eabi/10.3.1/../../../../arm-none-eabi/lib/thumb/v7e-m+fp/hard\libc_nano.a(lib_a-abort.o)
 .ARM.attributes
                0x00000719       0x34 c:/work/tools/gnu_arm_embedded_toolchain/10_2021.10/bin/../lib/gcc/arm-none-eabi/10.3.1/../../../../arm-none-eabi/lib/thumb/v7e-m+fp/hard\libc_nano.a(lib_a-malloc.o)
 .ARM.attributes
                0x0000074d       0x34 c:/work/tools/gnu_arm_embedded_toolchain/10_2021.10/bin/../lib/gcc/arm-none-eabi/10.3.1/../../../../arm-none-eabi/lib/thumb/v7e-m+fp/hard\libc_nano.a(lib_a-memcpy-stub.o)
 .ARM.attributes
                0x00000781       0x34 c:/work/tools/gnu_arm_embedded_toolchain/10_2021.10/bin/../lib/gcc/arm-none-eabi/10.3.1/../../../../arm-none-eabi/lib/thumb/v7e-m+fp/hard\libc_nano.a(lib_a-nano-freer.o)
 .ARM.attributes
                0x000007b5       0x34 c:/work/tools/gnu_arm_embedded_toolchain/10_2021.10/bin/../lib/gcc/arm-none-eabi/10.3.1/../../../../arm-none-eabi/lib/thumb/v7e-m+fp/hard\libc_nano.a(lib_a-nano-mallocr.o)
 .ARM.attributes
                0x000007e9       0x34 c:/work/tools/gnu_arm_embedded_toolchain/10_2021.10/bin/../lib/gcc/arm-none-eabi/10.3.1/../../../../arm-none-eabi/lib/thumb/v7e-m+fp/hard\libc_nano.a(lib_a-signal.o)
 .ARM.attributes
                0x0000081d       0x34 c:/work/tools/gnu_arm_embedded_toolchain/10_2021.10/bin/../lib/gcc/arm-none-eabi/10.3.1/../../../../arm-none-eabi/lib/thumb/v7e-m+fp/hard\libc_nano.a(lib_a-signalr.o)
 .ARM.attributes
                0x00000851       0x1c c:/work/tools/gnu_arm_embedded_toolchain/10_2021.10/bin/../lib/gcc/arm-none-eabi/10.3.1/../../../../arm-none-eabi/lib/thumb/v7e-m+fp/hard\libc_nano.a(lib_a-strcmp.o)
 .ARM.attributes
                0x0000086d       0x34 c:/work/tools/gnu_arm_embedded_toolchain/10_2021.10/bin/../lib/gcc/arm-none-eabi/10.3.1/../../../../arm-none-eabi/lib/thumb/v7e-m+fp/hard\libc_nano.a(lib_a-mlock.o)
 .ARM.attributes
                0x000008a1       0x34 c:/work/tools/gnu_arm_embedded_toolchain/10_2021.10/bin/../lib/gcc/arm-none-eabi/10.3.1/../../../../arm-none-eabi/lib/thumb/v7e-m+fp/hard\libc_nano.a(lib_a-reent.o)
 .ARM.attributes
                0x000008d5       0x34 c:/work/tools/gnu_arm_embedded_toolchain/10_2021.10/bin/../lib/gcc/arm-none-eabi/10.3.1/../../../../arm-none-eabi/lib/thumb/v7e-m+fp/hard\libc_nano.a(lib_a-lock.o)
 .ARM.attributes
                0x00000909       0x34 c:/work/tools/gnu_arm_embedded_toolchain/10_2021.10/bin/../lib/gcc/arm-none-eabi/10.3.1/../../../../arm-none-eabi/lib/thumb/v7e-m+fp/hard\libnosys.a(getpid.o)
 .ARM.attributes
                0x0000093d       0x34 c:/work/tools/gnu_arm_embedded_toolchain/10_2021.10/bin/../lib/gcc/arm-none-eabi/10.3.1/../../../../arm-none-eabi/lib/thumb/v7e-m+fp/hard\libnosys.a(kill.o)
 .ARM.attributes
                0x00000971       0x1e c:/work/tools/gnu_arm_embedded_toolchain/10_2021.10/bin/../lib/gcc/arm-none-eabi/10.3.1/thumb/v7e-m+fp/hard/crtn.o
OUTPUT(build/rtos_lab2.elf elf32-littlearm)
LOAD linker stubs
LOAD c:/work/tools/gnu_arm_embedded_toolchain/10_2021.10/bin/../lib/gcc/arm-none-eabi/10.3.1/../../../../arm-none-eabi/lib/thumb/v7e-m+fp/hard\libc.a
LOAD c:/work/tools/gnu_arm_embedded_toolchain/10_2021.10/bin/../lib/gcc/arm-none-eabi/10.3.1/../../../../arm-none-eabi/lib/thumb/v7e-m+fp/hard\libm.a
LOAD c:/work/tools/gnu_arm_embedded_toolchain/10_2021.10/bin/../lib/gcc/arm-none-eabi/10.3.1/thumb/v7e-m+fp/hard\libgcc.a

.debug_info     0x00000000     0x31db
 .debug_info    0x00000000      0x15a build/stm32f4xx_it.o
 .debug_info    0x0000015a      0x31d build/stm32f4xx_hal_msp.o
 .debug_info    0x00000477      0xc13 build/stm32f4xx_hal_rcc.o
 .debug_info    0x0000108a     0x10e4 build/stm32f4xx_hal_cortex.o
 .debug_info    0x0000216e      0xa66 build/stm32f4xx_hal.o
 .debug_info    0x00002bd4      0x5e5 build/system_stm32f4xx.o
 .debug_info    0x000031b9       0x22 build/startup_stm32f411xe.o

.debug_abbrev   0x00000000      0xae7
 .debug_abbrev  0x00000000       0x81 build/stm32f4xx_it.o
 .debug_abbrev  0x00000081       0xd3 build/stm32f4xx_hal_msp.o
 .debug_abbrev  0x00000154      0x2aa build/stm32f4xx_hal_rcc.o
 .debug_abbrev  0x000003fe      0x382 build/stm32f4xx_hal_cortex.o
 .debug_abbrev  0x00000780      0x23a build/stm32f4xx_hal.o
 .debug_abbrev  0x000009ba      0x11b build/system_stm32f4xx.o
 .debug_abbrev  0x00000ad5       0x12 build/startup_stm32f411xe.o

.debug_loc      0x00000000     0x120d
 .debug_loc     0x00000000       0x20 build/stm32f4xx_it.o
 .debug_loc     0x00000020       0x2c build/stm32f4xx_hal_msp.o
 .debug_loc     0x0000004c      0x6e4 build/stm32f4xx_hal_rcc.o
 .debug_loc     0x00000730      0x7a4 build/stm32f4xx_hal_cortex.o
 .debug_loc     0x00000ed4      0x1e1 build/stm32f4xx_hal.o
 .debug_loc     0x000010b5      0x158 build/system_stm32f4xx.o

.debug_aranges  0x00000000      0x2f0
 .debug_aranges
                0x00000000       0x60 build/stm32f4xx_it.o
 .debug_aranges
                0x00000060       0x20 build/stm32f4xx_hal_msp.o
 .debug_aranges
                0x00000080       0x88 build/stm32f4xx_hal_rcc.o
 .debug_aranges
                0x00000108       0xa8 build/stm32f4xx_hal_cortex.o
 .debug_aranges
                0x000001b0       0xf0 build/stm32f4xx_hal.o
 .debug_aranges
                0x000002a0       0x28 build/system_stm32f4xx.o
 .debug_aranges
                0x000002c8       0x28 build/startup_stm32f411xe.o

.debug_ranges   0x00000000      0x300
 .debug_ranges  0x00000000       0x50 build/stm32f4xx_it.o
 .debug_ranges  0x00000050       0x10 build/stm32f4xx_hal_msp.o
 .debug_ranges  0x00000060       0x90 build/stm32f4xx_hal_rcc.o
 .debug_ranges  0x000000f0       0xf8 build/stm32f4xx_hal_cortex.o
 .debug_ranges  0x000001e8       0xe0 build/stm32f4xx_hal.o
 .debug_ranges  0x000002c8       0x18 build/system_stm32f4xx.o
 .debug_ranges  0x000002e0       0x20 build/startup_stm32f411xe.o

.debug_line     0x00000000     0x1d8e
 .debug_line    0x00000000      0x177 build/stm32f4xx_it.o
 .debug_line    0x00000177      0x15c build/stm32f4xx_hal_msp.o
 .debug_line    0x000002d3      0xb12 build/stm32f4xx_hal_rcc.o
 .debug_line    0x00000de5      0x77a build/stm32f4xx_hal_cortex.o
 .debug_line    0x0000155f      0x567 build/stm32f4xx_hal.o
 .debug_line    0x00001ac6      0x252 build/system_stm32f4xx.o
 .debug_line    0x00001d18       0x76 build/startup_stm32f411xe.o

.debug_str      0x00000000     0x1333
 .debug_str     0x00000000      0x1d6 build/stm32f4xx_it.o
                                0x20a (size before relaxing)
 .debug_str     0x000001d6      0x144 build/stm32f4xx_hal_msp.o
                                0x2a8 (size before relaxing)
 .debug_str     0x0000031a      0x447 build/stm32f4xx_hal_rcc.o
                                0x6f3 (size before relaxing)
 .debug_str     0x00000761      0x8b8 build/stm32f4xx_hal_cortex.o
                                0xaaf (size before relaxing)
 .debug_str     0x00001019      0x2af build/stm32f4xx_hal.o
                                0x9ef (size before relaxing)
 .debug_str     0x000012c8       0x47 build/system_stm32f4xx.o
                                0x362 (size before relaxing)
 .debug_str     0x0000130f       0x24 build/startup_stm32f411xe.o
                                 0x45 (size before relaxing)

.comment        0x00000000       0x49
 .comment       0x00000000       0x49 build/stm32f4xx_it.o
                                 0x4a (size before relaxing)
 .comment       0x00000049       0x4a build/stm32f4xx_hal_msp.o
 .comment       0x00000049       0x4a build/stm32f4xx_hal_rcc.o
 .comment       0x00000049       0x4a build/stm32f4xx_hal_cortex.o
 .comment       0x00000049       0x4a build/stm32f4xx_hal.o
 .comment       0x00000049       0x4a build/system_stm32f4xx.o
 .comment       0x00000049       0x4a build/main.o
 .comment       0x00000049       0x4a build/MyGpio.o

.debug_frame    0x00000000     0x15b8
 .debug_frame   0x00000000       0xa8 build/stm32f4xx_it.o
 .debug_frame   0x000000a8       0x28 build/stm32f4xx_hal_msp.o
 .debug_frame   0x000000d0      0x16c build/stm32f4xx_hal_rcc.o
 .debug_frame   0x0000023c      0x148 build/stm32f4xx_hal_cortex.o
 .debug_frame   0x00000384      0x1ec build/stm32f4xx_hal.o
 .debug_frame   0x00000570       0x30 build/system_stm32f4xx.o
 .debug_frame   0x000005a0       0x2c c:/work/tools/gnu_arm_embedded_toolchain/10_2021.10/bin/../lib/gcc/arm-none-eabi/10.3.1/../../../../arm-none-eabi/lib/thumb/v7e-m+fp/hard\libc_nano.a(lib_a-init.o)
 .debug_frame   0x000005cc       0x20 c:/work/tools/gnu_arm_embedded_toolchain/10_2021.10/bin/../lib/gcc/arm-none-eabi/10.3.1/../../../../arm-none-eabi/lib/thumb/v7e-m+fp/hard\libc_nano.a(lib_a-memset.o)
 .debug_frame   0x000005ec       0x20 c:/work/tools/gnu_arm_embedded_toolchain/10_2021.10/bin/../lib/gcc/arm-none-eabi/10.3.1/../../../../arm-none-eabi/lib/thumb/v7e-m+fp/hard\libnosys.a(_exit.o)
 .debug_frame   0x0000060c       0xd8 c:/work/tools/gnu_arm_embedded_toolchain/10_2021.10/bin/../lib/gcc/arm-none-eabi/10.3.1/../../../../arm-none-eabi/lib/thumb/v7e-m+fp/hard\libstdc++_nano.a(class_type_info.o)
 .debug_frame   0x000006e4       0x20 c:/work/tools/gnu_arm_embedded_toolchain/10_2021.10/bin/../lib/gcc/arm-none-eabi/10.3.1/../../../../arm-none-eabi/lib/thumb/v7e-m+fp/hard\libstdc++_nano.a(del_ops.o)
 .debug_frame   0x00000704       0x78 c:/work/tools/gnu_arm_embedded_toolchain/10_2021.10/bin/../lib/gcc/arm-none-eabi/10.3.1/../../../../arm-none-eabi/lib/thumb/v7e-m+fp/hard\libstdc++_nano.a(eh_arm.o)
 .debug_frame   0x0000077c       0xf0 c:/work/tools/gnu_arm_embedded_toolchain/10_2021.10/bin/../lib/gcc/arm-none-eabi/10.3.1/../../../../arm-none-eabi/lib/thumb/v7e-m+fp/hard\libstdc++_nano.a(eh_exception.o)
 .debug_frame   0x0000086c       0x30 c:/work/tools/gnu_arm_embedded_toolchain/10_2021.10/bin/../lib/gcc/arm-none-eabi/10.3.1/../../../../arm-none-eabi/lib/thumb/v7e-m+fp/hard\libstdc++_nano.a(eh_globals.o)
 .debug_frame   0x0000089c      0x128 c:/work/tools/gnu_arm_embedded_toolchain/10_2021.10/bin/../lib/gcc/arm-none-eabi/10.3.1/../../../../arm-none-eabi/lib/thumb/v7e-m+fp/hard\libstdc++_nano.a(eh_personality.o)
 .debug_frame   0x000009c4       0xb0 c:/work/tools/gnu_arm_embedded_toolchain/10_2021.10/bin/../lib/gcc/arm-none-eabi/10.3.1/../../../../arm-none-eabi/lib/thumb/v7e-m+fp/hard\libstdc++_nano.a(eh_terminate.o)
 .debug_frame   0x00000a74       0xd8 c:/work/tools/gnu_arm_embedded_toolchain/10_2021.10/bin/../lib/gcc/arm-none-eabi/10.3.1/../../../../arm-none-eabi/lib/thumb/v7e-m+fp/hard\libstdc++_nano.a(si_class_type_info.o)
 .debug_frame   0x00000b4c       0x80 c:/work/tools/gnu_arm_embedded_toolchain/10_2021.10/bin/../lib/gcc/arm-none-eabi/10.3.1/../../../../arm-none-eabi/lib/thumb/v7e-m+fp/hard\libstdc++_nano.a(tinfo.o)
 .debug_frame   0x00000bcc      0x10c c:/work/tools/gnu_arm_embedded_toolchain/10_2021.10/bin/../lib/gcc/arm-none-eabi/10.3.1/../../../../arm-none-eabi/lib/thumb/v7e-m+fp/hard\libstdc++_nano.a(vmi_class_type_info.o)
 .debug_frame   0x00000cd8       0x20 c:/work/tools/gnu_arm_embedded_toolchain/10_2021.10/bin/../lib/gcc/arm-none-eabi/10.3.1/../../../../arm-none-eabi/lib/thumb/v7e-m+fp/hard\libstdc++_nano.a(del_op.o)
 .debug_frame   0x00000cf8       0x54 c:/work/tools/gnu_arm_embedded_toolchain/10_2021.10/bin/../lib/gcc/arm-none-eabi/10.3.1/../../../../arm-none-eabi/lib/thumb/v7e-m+fp/hard\libstdc++_nano.a(eh_call.o)
 .debug_frame   0x00000d4c       0x8c c:/work/tools/gnu_arm_embedded_toolchain/10_2021.10/bin/../lib/gcc/arm-none-eabi/10.3.1/../../../../arm-none-eabi/lib/thumb/v7e-m+fp/hard\libstdc++_nano.a(eh_catch.o)
 .debug_frame   0x00000dd8       0x2c c:/work/tools/gnu_arm_embedded_toolchain/10_2021.10/bin/../lib/gcc/arm-none-eabi/10.3.1/thumb/v7e-m+fp/hard\libgcc.a(_aeabi_uldivmod.o)
 .debug_frame   0x00000e04       0x34 c:/work/tools/gnu_arm_embedded_toolchain/10_2021.10/bin/../lib/gcc/arm-none-eabi/10.3.1/thumb/v7e-m+fp/hard\libgcc.a(_udivmoddi4.o)
 .debug_frame   0x00000e38      0x2d4 c:/work/tools/gnu_arm_embedded_toolchain/10_2021.10/bin/../lib/gcc/arm-none-eabi/10.3.1/thumb/v7e-m+fp/hard\libgcc.a(unwind-arm.o)
 .debug_frame   0x0000110c      0x104 c:/work/tools/gnu_arm_embedded_toolchain/10_2021.10/bin/../lib/gcc/arm-none-eabi/10.3.1/thumb/v7e-m+fp/hard\libgcc.a(pr-support.o)
 .debug_frame   0x00001210       0x28 c:/work/tools/gnu_arm_embedded_toolchain/10_2021.10/bin/../lib/gcc/arm-none-eabi/10.3.1/../../../../arm-none-eabi/lib/thumb/v7e-m+fp/hard\libc_nano.a(lib_a-abort.o)
 .debug_frame   0x00001238       0x30 c:/work/tools/gnu_arm_embedded_toolchain/10_2021.10/bin/../lib/gcc/arm-none-eabi/10.3.1/../../../../arm-none-eabi/lib/thumb/v7e-m+fp/hard\libc_nano.a(lib_a-malloc.o)
 .debug_frame   0x00001268       0x28 c:/work/tools/gnu_arm_embedded_toolchain/10_2021.10/bin/../lib/gcc/arm-none-eabi/10.3.1/../../../../arm-none-eabi/lib/thumb/v7e-m+fp/hard\libc_nano.a(lib_a-memcpy-stub.o)
 .debug_frame   0x00001290       0x38 c:/work/tools/gnu_arm_embedded_toolchain/10_2021.10/bin/../lib/gcc/arm-none-eabi/10.3.1/../../../../arm-none-eabi/lib/thumb/v7e-m+fp/hard\libc_nano.a(lib_a-nano-freer.o)
 .debug_frame   0x000012c8       0x4c c:/work/tools/gnu_arm_embedded_toolchain/10_2021.10/bin/../lib/gcc/arm-none-eabi/10.3.1/../../../../arm-none-eabi/lib/thumb/v7e-m+fp/hard\libc_nano.a(lib_a-nano-mallocr.o)
 .debug_frame   0x00001314       0xcc c:/work/tools/gnu_arm_embedded_toolchain/10_2021.10/bin/../lib/gcc/arm-none-eabi/10.3.1/../../../../arm-none-eabi/lib/thumb/v7e-m+fp/hard\libc_nano.a(lib_a-signal.o)
 .debug_frame   0x000013e0       0x3c c:/work/tools/gnu_arm_embedded_toolchain/10_2021.10/bin/../lib/gcc/arm-none-eabi/10.3.1/../../../../arm-none-eabi/lib/thumb/v7e-m+fp/hard\libc_nano.a(lib_a-signalr.o)
 .debug_frame   0x0000141c       0x20 c:/work/tools/gnu_arm_embedded_toolchain/10_2021.10/bin/../lib/gcc/arm-none-eabi/10.3.1/../../../../arm-none-eabi/lib/thumb/v7e-m+fp/hard\libc_nano.a(lib_a-strcmp.o)
 .debug_frame   0x0000143c       0x30 c:/work/tools/gnu_arm_embedded_toolchain/10_2021.10/bin/../lib/gcc/arm-none-eabi/10.3.1/../../../../arm-none-eabi/lib/thumb/v7e-m+fp/hard\libc_nano.a(lib_a-mlock.o)
 .debug_frame   0x0000146c       0x5c c:/work/tools/gnu_arm_embedded_toolchain/10_2021.10/bin/../lib/gcc/arm-none-eabi/10.3.1/../../../../arm-none-eabi/lib/thumb/v7e-m+fp/hard\libc_nano.a(lib_a-reent.o)
 .debug_frame   0x000014c8       0xb0 c:/work/tools/gnu_arm_embedded_toolchain/10_2021.10/bin/../lib/gcc/arm-none-eabi/10.3.1/../../../../arm-none-eabi/lib/thumb/v7e-m+fp/hard\libc_nano.a(lib_a-lock.o)
 .debug_frame   0x00001578       0x20 c:/work/tools/gnu_arm_embedded_toolchain/10_2021.10/bin/../lib/gcc/arm-none-eabi/10.3.1/../../../../arm-none-eabi/lib/thumb/v7e-m+fp/hard\libnosys.a(getpid.o)
 .debug_frame   0x00001598       0x20 c:/work/tools/gnu_arm_embedded_toolchain/10_2021.10/bin/../lib/gcc/arm-none-eabi/10.3.1/../../../../arm-none-eabi/lib/thumb/v7e-m+fp/hard\libnosys.a(kill.o)

.stab           0x00000000       0x3c
 .stab          0x00000000       0x24 c:/work/tools/gnu_arm_embedded_toolchain/10_2021.10/bin/../lib/gcc/arm-none-eabi/10.3.1/../../../../arm-none-eabi/lib/thumb/v7e-m+fp/hard\libnosys.a(getpid.o)
 .stab          0x00000024       0x18 c:/work/tools/gnu_arm_embedded_toolchain/10_2021.10/bin/../lib/gcc/arm-none-eabi/10.3.1/../../../../arm-none-eabi/lib/thumb/v7e-m+fp/hard\libnosys.a(kill.o)
                                 0x24 (size before relaxing)

.stabstr        0x00000000       0x76
 .stabstr       0x00000000       0x76 c:/work/tools/gnu_arm_embedded_toolchain/10_2021.10/bin/../lib/gcc/arm-none-eabi/10.3.1/../../../../arm-none-eabi/lib/thumb/v7e-m+fp/hard\libnosys.a(getpid.o)

Cross Reference Table

Symbol                                            File
ADC_IRQHandler                                    build/startup_stm32f411xe.o
AHBPrescTable                                     build/system_stm32f4xx.o
                                                  build/stm32f4xx_hal_rcc.o
APBPrescTable                                     build/system_stm32f4xx.o
                                                  build/stm32f4xx_hal_rcc.o
BusFault_Handler                                  build/stm32f4xx_it.o
DMA1_Stream0_IRQHandler                           build/startup_stm32f411xe.o
DMA1_Stream1_IRQHandler                           build/startup_stm32f411xe.o
DMA1_Stream2_IRQHandler                           build/startup_stm32f411xe.o
DMA1_Stream3_IRQHandler                           build/startup_stm32f411xe.o
DMA1_Stream4_IRQHandler                           build/startup_stm32f411xe.o
DMA1_Stream5_IRQHandler                           build/startup_stm32f411xe.o
DMA1_Stream6_IRQHandler                           build/startup_stm32f411xe.o
DMA1_Stream7_IRQHandler                           build/startup_stm32f411xe.o
DMA2_Stream0_IRQHandler                           build/startup_stm32f411xe.o
DMA2_Stream1_IRQHandler                           build/startup_stm32f411xe.o
DMA2_Stream2_IRQHandler                           build/startup_stm32f411xe.o
DMA2_Stream3_IRQHandler                           build/startup_stm32f411xe.o
DMA2_Stream4_IRQHandler                           build/startup_stm32f411xe.o
DMA2_Stream5_IRQHandler                           build/startup_stm32f411xe.o
DMA2_Stream6_IRQHandler                           build/startup_stm32f411xe.o
DMA2_Stream7_IRQHandler                           build/startup_stm32f411xe.o
DebugMon_Handler                                  build/stm32f4xx_it.o
Default_Handler                                   build/startup_stm32f411xe.o
EXTI0_IRQHandler                                  build/startup_stm32f411xe.o
EXTI15_10_IRQHandler                              build/startup_stm32f411xe.o
EXTI1_IRQHandler                                  build/startup_stm32f411xe.o
EXTI2_IRQHandler                                  build/startup_stm32f411xe.o
EXTI3_IRQHandler                                  build/startup_stm32f411xe.o
EXTI4_IRQHandler                                  build/startup_stm32f411xe.o
EXTI9_5_IRQHandler                                build/startup_stm32f411xe.o
Error_Handler                                     build/main.o
FLASH_Erase_Sector                                build/stm32f4xx_hal_flash_ex.o
                                                  build/stm32f4xx_hal_flash.o
FLASH_FlushCaches                                 build/stm32f4xx_hal_flash_ex.o
                                                  build/stm32f4xx_hal_flash.o
FLASH_IRQHandler                                  build/startup_stm32f411xe.o
FLASH_WaitForLastOperation                        build/stm32f4xx_hal_flash.o
                                                  build/stm32f4xx_hal_flash_ex.o
FPU_IRQHandler                                    build/startup_stm32f411xe.o
HAL_DBGMCU_DisableDBGSleepMode                    build/stm32f4xx_hal.o
HAL_DBGMCU_DisableDBGStandbyMode                  build/stm32f4xx_hal.o
HAL_DBGMCU_DisableDBGStopMode                     build/stm32f4xx_hal.o
HAL_DBGMCU_EnableDBGSleepMode                     build/stm32f4xx_hal.o
HAL_DBGMCU_EnableDBGStandbyMode                   build/stm32f4xx_hal.o
HAL_DBGMCU_EnableDBGStopMode                      build/stm32f4xx_hal.o
HAL_DMAEx_ChangeMemory                            build/stm32f4xx_hal_dma_ex.o
HAL_DMAEx_MultiBufferStart                        build/stm32f4xx_hal_dma_ex.o
HAL_DMAEx_MultiBufferStart_IT                     build/stm32f4xx_hal_dma_ex.o
HAL_DMA_Abort                                     build/stm32f4xx_hal_dma.o
HAL_DMA_Abort_IT                                  build/stm32f4xx_hal_dma.o
HAL_DMA_DeInit                                    build/stm32f4xx_hal_dma.o
HAL_DMA_GetError                                  build/stm32f4xx_hal_dma.o
HAL_DMA_GetState                                  build/stm32f4xx_hal_dma.o
HAL_DMA_IRQHandler                                build/stm32f4xx_hal_dma.o
HAL_DMA_Init                                      build/stm32f4xx_hal_dma.o
HAL_DMA_PollForTransfer                           build/stm32f4xx_hal_dma.o
HAL_DMA_RegisterCallback                          build/stm32f4xx_hal_dma.o
HAL_DMA_Start                                     build/stm32f4xx_hal_dma.o
HAL_DMA_Start_IT                                  build/stm32f4xx_hal_dma.o
HAL_DMA_UnRegisterCallback                        build/stm32f4xx_hal_dma.o
HAL_DeInit                                        build/stm32f4xx_hal.o
HAL_Delay                                         build/stm32f4xx_hal.o
                                                  build/main.o
HAL_DisableCompensationCell                       build/stm32f4xx_hal.o
HAL_EXTI_ClearConfigLine                          build/stm32f4xx_hal_exti.o
HAL_EXTI_ClearPending                             build/stm32f4xx_hal_exti.o
HAL_EXTI_GenerateSWI                              build/stm32f4xx_hal_exti.o
HAL_EXTI_GetConfigLine                            build/stm32f4xx_hal_exti.o
HAL_EXTI_GetHandle                                build/stm32f4xx_hal_exti.o
HAL_EXTI_GetPending                               build/stm32f4xx_hal_exti.o
HAL_EXTI_IRQHandler                               build/stm32f4xx_hal_exti.o
HAL_EXTI_RegisterCallback                         build/stm32f4xx_hal_exti.o
HAL_EXTI_SetConfigLine                            build/stm32f4xx_hal_exti.o
HAL_EnableCompensationCell                        build/stm32f4xx_hal.o
HAL_FLASHEx_AdvOBGetConfig                        build/stm32f4xx_hal_flash_ex.o
HAL_FLASHEx_AdvOBProgram                          build/stm32f4xx_hal_flash_ex.o
HAL_FLASHEx_DisableFlashSleepMode                 build/stm32f4xx_hal_flash_ramfunc.o
HAL_FLASHEx_EnableFlashSleepMode                  build/stm32f4xx_hal_flash_ramfunc.o
HAL_FLASHEx_Erase                                 build/stm32f4xx_hal_flash_ex.o
HAL_FLASHEx_Erase_IT                              build/stm32f4xx_hal_flash_ex.o
HAL_FLASHEx_OBGetConfig                           build/stm32f4xx_hal_flash_ex.o
HAL_FLASHEx_OBProgram                             build/stm32f4xx_hal_flash_ex.o
HAL_FLASHEx_OB_DeSelectPCROP                      build/stm32f4xx_hal_flash_ex.o
HAL_FLASHEx_OB_SelectPCROP                        build/stm32f4xx_hal_flash_ex.o
HAL_FLASHEx_StartFlashInterfaceClk                build/stm32f4xx_hal_flash_ramfunc.o
HAL_FLASHEx_StopFlashInterfaceClk                 build/stm32f4xx_hal_flash_ramfunc.o
HAL_FLASH_EndOfOperationCallback                  build/stm32f4xx_hal_flash.o
HAL_FLASH_GetError                                build/stm32f4xx_hal_flash.o
HAL_FLASH_IRQHandler                              build/stm32f4xx_hal_flash.o
HAL_FLASH_Lock                                    build/stm32f4xx_hal_flash.o
HAL_FLASH_OB_Launch                               build/stm32f4xx_hal_flash.o
HAL_FLASH_OB_Lock                                 build/stm32f4xx_hal_flash.o
HAL_FLASH_OB_Unlock                               build/stm32f4xx_hal_flash.o
HAL_FLASH_OperationErrorCallback                  build/stm32f4xx_hal_flash.o
HAL_FLASH_Program                                 build/stm32f4xx_hal_flash.o
HAL_FLASH_Program_IT                              build/stm32f4xx_hal_flash.o
HAL_FLASH_Unlock                                  build/stm32f4xx_hal_flash.o
HAL_GPIO_DeInit                                   build/stm32f4xx_hal_gpio.o
HAL_GPIO_EXTI_Callback                            build/stm32f4xx_hal_gpio.o
HAL_GPIO_EXTI_IRQHandler                          build/stm32f4xx_hal_gpio.o
HAL_GPIO_Init                                     build/stm32f4xx_hal_gpio.o
                                                  build/stm32f4xx_hal_rcc.o
                                                  build/gpio.o
HAL_GPIO_LockPin                                  build/stm32f4xx_hal_gpio.o
HAL_GPIO_ReadPin                                  build/stm32f4xx_hal_gpio.o
HAL_GPIO_TogglePin                                build/stm32f4xx_hal_gpio.o
HAL_GPIO_WritePin                                 build/stm32f4xx_hal_gpio.o
                                                  build/gpio.o
HAL_GetDEVID                                      build/stm32f4xx_hal.o
HAL_GetHalVersion                                 build/stm32f4xx_hal.o
HAL_GetREVID                                      build/stm32f4xx_hal.o
HAL_GetTick                                       build/stm32f4xx_hal.o
                                                  build/stm32f4xx_hal_pwr_ex.o
                                                  build/stm32f4xx_hal_dma.o
                                                  build/stm32f4xx_hal_flash.o
                                                  build/stm32f4xx_hal_rcc_ex.o
                                                  build/stm32f4xx_hal_rcc.o
HAL_GetTickFreq                                   build/stm32f4xx_hal.o
HAL_GetTickPrio                                   build/stm32f4xx_hal.o
HAL_GetUIDw0                                      build/stm32f4xx_hal.o
HAL_GetUIDw1                                      build/stm32f4xx_hal.o
HAL_GetUIDw2                                      build/stm32f4xx_hal.o
HAL_IncTick                                       build/stm32f4xx_hal.o
                                                  build/stm32f4xx_it.o
HAL_Init                                          build/stm32f4xx_hal.o
                                                  build/main.o
HAL_InitTick                                      build/stm32f4xx_hal.o
                                                  build/stm32f4xx_hal_rcc_ex.o
                                                  build/stm32f4xx_hal_rcc.o
HAL_MPU_ConfigRegion                              build/stm32f4xx_hal_cortex.o
HAL_MPU_Disable                                   build/stm32f4xx_hal_cortex.o
HAL_MPU_Enable                                    build/stm32f4xx_hal_cortex.o
HAL_MspDeInit                                     build/stm32f4xx_hal.o
HAL_MspInit                                       build/stm32f4xx_hal_msp.o
HAL_NVIC_ClearPendingIRQ                          build/stm32f4xx_hal_cortex.o
HAL_NVIC_DisableIRQ                               build/stm32f4xx_hal_cortex.o
HAL_NVIC_EnableIRQ                                build/stm32f4xx_hal_cortex.o
HAL_NVIC_GetActive                                build/stm32f4xx_hal_cortex.o
HAL_NVIC_GetPendingIRQ                            build/stm32f4xx_hal_cortex.o
HAL_NVIC_GetPriority                              build/stm32f4xx_hal_cortex.o
HAL_NVIC_GetPriorityGrouping                      build/stm32f4xx_hal_cortex.o
HAL_NVIC_SetPendingIRQ                            build/stm32f4xx_hal_cortex.o
HAL_NVIC_SetPriority                              build/stm32f4xx_hal_cortex.o
                                                  build/stm32f4xx_hal.o
HAL_NVIC_SetPriorityGrouping                      build/stm32f4xx_hal_cortex.o
                                                  build/stm32f4xx_hal.o
HAL_NVIC_SystemReset                              build/stm32f4xx_hal_cortex.o
HAL_PWREx_ControlVoltageScaling                   build/stm32f4xx_hal_pwr_ex.o
HAL_PWREx_DisableBkUpReg                          build/stm32f4xx_hal_pwr_ex.o
HAL_PWREx_DisableFlashPowerDown                   build/stm32f4xx_hal_pwr_ex.o
HAL_PWREx_DisableLowRegulatorLowVoltage           build/stm32f4xx_hal_pwr_ex.o
HAL_PWREx_DisableMainRegulatorLowVoltage          build/stm32f4xx_hal_pwr_ex.o
HAL_PWREx_EnableBkUpReg                           build/stm32f4xx_hal_pwr_ex.o
HAL_PWREx_EnableFlashPowerDown                    build/stm32f4xx_hal_pwr_ex.o
HAL_PWREx_EnableLowRegulatorLowVoltage            build/stm32f4xx_hal_pwr_ex.o
HAL_PWREx_EnableMainRegulatorLowVoltage           build/stm32f4xx_hal_pwr_ex.o
HAL_PWREx_GetVoltageRange                         build/stm32f4xx_hal_pwr_ex.o
HAL_PWR_ConfigPVD                                 build/stm32f4xx_hal_pwr.o
HAL_PWR_DeInit                                    build/stm32f4xx_hal_pwr.o
HAL_PWR_DisableBkUpAccess                         build/stm32f4xx_hal_pwr.o
HAL_PWR_DisablePVD                                build/stm32f4xx_hal_pwr.o
HAL_PWR_DisableSEVOnPend                          build/stm32f4xx_hal_pwr.o
HAL_PWR_DisableSleepOnExit                        build/stm32f4xx_hal_pwr.o
HAL_PWR_DisableWakeUpPin                          build/stm32f4xx_hal_pwr.o
HAL_PWR_EnableBkUpAccess                          build/stm32f4xx_hal_pwr.o